 node-registry

 Timestamp is 59d41f75 (Tue Oct  3 16:38:29 2017)

 Preferred load address is 0000000180000000

 Start         Length     Name                   Class
 0001:00000000 00000070H .text$di                CODE
 0001:00000070 00026f60H .text$mn                CODE
 0001:00026fd0 00000020H .text$mn$00             CODE
 0001:00026ff0 00000a30H .text$x                 CODE
 0001:00027a20 000000fcH .text$yd                CODE
 0002:00000000 000002d0H .idata$5                DATA
 0002:000002d0 00000010H .00cfg                  DATA
 0002:000002e0 00000008H .CRT$XCA                DATA
 0002:000002e8 00000018H .CRT$XCC                DATA
 0002:00000300 00000010H .CRT$XCL                DATA
 0002:00000310 00000008H .CRT$XCU                DATA
 0002:00000318 00000008H .CRT$XCZ                DATA
 0002:00000320 00000008H .CRT$XIA                DATA
 0002:00000328 00000030H .CRT$XIC                DATA
 0002:00000358 00000008H .CRT$XIZ                DATA
 0002:00000360 00000008H .CRT$XLA                DATA
 0002:00000368 00000008H .CRT$XLZ                DATA
 0002:00000370 00000008H .CRT$XPA                DATA
 0002:00000378 00000010H .CRT$XPX                DATA
 0002:00000388 00000008H .CRT$XPXA               DATA
 0002:00000390 00000008H .CRT$XPZ                DATA
 0002:00000398 00000008H .CRT$XTA                DATA
 0002:000003a0 00000010H .CRT$XTZ                DATA
 0002:000003b0 00010a98H .rdata                  DATA
 0002:00010e48 00000028H .rdata$T                DATA
 0002:00010e70 00000904H .rdata$r                DATA
 0002:00011774 00000494H .rdata$zzzdbg           DATA
 0002:00011c08 00000008H .rtc$IAA                DATA
 0002:00011c10 00000008H .rtc$IZZ                DATA
 0002:00011c18 00000008H .rtc$TAA                DATA
 0002:00011c20 00000010H .rtc$TZZ                DATA
 0002:00011c30 00002c60H .xdata                  DATA
 0002:00014890 000003ccH .xdata$x                DATA
 0002:00014c5c 00000020H .didat$2                DATA
 0002:00014c7c 00000024H .didat$3                DATA
 0002:00014ca0 00000108H .didat$4                DATA
 0002:00014da8 000008b8H .didat$6                DATA
 0002:00015660 00000110H .didat$7                DATA
 0002:00015770 00000060H .edata                  DATA
 0002:000157d0 00000028H .idata$2                DATA
 0002:000157f8 00000018H .idata$3                DATA
 0002:00015810 000002d0H .idata$4                DATA
 0002:00015ae0 00000682H .idata$6                DATA
 0003:00000000 00000aa0H .data                   DATA
 0003:00000aa0 00000398H .data$r                 DATA
 0003:00000e38 00000108H .didat$5                DATA
 0003:00000f40 0000184cH .bss                    DATA
 0004:00000000 000022d4H .pdata                  DATA
 0005:00000000 000000b8H .gfids$x                DATA
 0005:000000b8 00000130H .gfids$y                DATA
 0006:00000000 00000004H .tls                    DATA
 0006:00000004 00000004H .tls$                   DATA
 0006:00000008 00000001H .tls$ZZZ                DATA
 0007:00000000 00000060H .rsrc$01                DATA
 0007:00000060 00000180H .rsrc$02                DATA

  Address         Publics by Value              Rva+Base               Lib:Object

 0000:00000000       __guard_iat_table          0000000000000000     <absolute>
 0000:00000000       __dynamic_value_reloc_table 0000000000000000     <absolute>
 0000:00000000       __guard_iat_count          0000000000000000     <absolute>
 0000:00000000       __guard_longjmp_table      0000000000000000     <absolute>
 0000:00000000       __guard_longjmp_count      0000000000000000     <absolute>
 0000:00000000       __guard_fids_count         0000000000000000     <absolute>
 0000:00000000       ___safe_se_handler_table   0000000000000000     <absolute>
 0000:00000000       ___safe_se_handler_count   0000000000000000     <absolute>
 0000:00000000       __guard_fids_table         0000000000000000     <absolute>
 0000:00000100       __guard_flags              0000000000000100     <absolute>
 0000:00000000       __ImageBase                0000000180000000     <linker-defined>
 0001:00000140       ?NewInstance@Nan@@YA?AV?$MaybeLocal@VObject@v8@@@v8@@V?$Local@VObjectTemplate@v8@@@3@@Z 0000000180001140 f i node_registry.obj
 0001:000001c0       ?GetFunction@Nan@@YA?AV?$MaybeLocal@VFunction@v8@@@v8@@V?$Local@VFunctionTemplate@v8@@@3@@Z 00000001800011c0 f i node_registry.obj
 0001:00000240       ?Set@Nan@@YA?AV?$Maybe@_N@v8@@V?$Local@VObject@v8@@@3@V?$Local@VValue@v8@@@3@1@Z 0000000180001240 f i node_registry.obj
 0001:000002d0       ?New@?$Factory@VFunctionTemplate@v8@@@imp@Nan@@SA?AV?$Local@VFunctionTemplate@v8@@@v8@@P6AXAEBV?$FunctionCallbackInfo@VValue@v8@@@3@@ZV?$Local@VValue@v8@@@5@V?$Local@VSignature@v8@@@5@@Z 00000001800012d0 f i node_registry.obj
 0001:00000450       ?InitAll@@YAXV?$Local@VObject@v8@@@v8@@@Z 0000000180001450 f   node_registry.obj
 0001:000005f0       ??1RegKey@@QEAA@XZ         00000001800015f0 f   registry.obj
 0001:00000620       ?ReadValue@RegKey@@QEBAJPEB_WPEAV?$basic_string@_WU?$char_traits@_W@std@@V?$allocator@_W@2@@std@@@Z 0000000180001620 f   registry.obj
 0001:00000790       ??1?$basic_string@_WU?$char_traits@_W@std@@V?$allocator@_W@2@@std@@QEAA@XZ 0000000180001790 f i registry.obj
 0001:000007e0       ?assign@?$basic_string@_WU?$char_traits@_W@std@@V?$allocator@_W@2@@std@@QEAAAEAV12@PEB_W_K@Z 00000001800017e0 f i registry.obj
 0001:00000930       ?deallocate@?$_Wrap_alloc@V?$allocator@_W@std@@@std@@QEAAXPEA_W_K@Z 0000000180001930 f i registry.obj
 0001:000009a0       ?allocate@?$_Wrap_alloc@V?$allocator@_W@std@@@std@@QEAAPEA_W_K@Z 00000001800019a0 f i registry.obj
 0001:00000a10       ?assign@?$basic_string@_WU?$char_traits@_W@std@@V?$allocator@_W@2@@std@@QEAAAEAV12@AEBV12@_K1@Z 0000000180001a10 f i registry.obj
 0001:00000b50       ?_Copy@?$basic_string@_WU?$char_traits@_W@std@@V?$allocator@_W@2@@std@@QEAAX_K0@Z 0000000180001b50 f i registry.obj
 0001:00000cc0       ?erase@?$basic_string@_WU?$char_traits@_W@std@@V?$allocator@_W@2@@std@@QEAAAEAV12@_K0@Z 0000000180001cc0 f i registry.obj
 0001:00000d70       __local_stdio_printf_options 0000000180001d70 f i value_functions.obj
 0001:00000d80       sprintf_s                  0000000180001d80 f i value_functions.obj
 0001:00000de0       ??0exception@std@@QEAA@AEBV01@@Z 0000000180001de0 f i value_functions.obj
 0001:00000e20       ?what@exception@std@@UEBAPEBDXZ 0000000180001e20 f i value_functions.obj
 0001:00000e40       ??_Ebad_exception@std@@UEAAPEAXI@Z 0000000180001e40 f i libvcruntime:frame.obj
 0001:00000e40       ??_Eout_of_range@std@@UEAAPEAXI@Z 0000000180001e40 f i libcpmt:xthrow.obj
 0001:00000e40       ??_Gbad_array_new_length@std@@UEAAPEAXI@Z 0000000180001e40 f i LIBCMT:throw_bad_alloc.obj
 0001:00000e40       ??_Gexception@std@@UEAAPEAXI@Z 0000000180001e40 f i value_functions.obj
 0001:00000e40       ??_Eruntime_error@std@@UEAAPEAXI@Z 0000000180001e40 f i * CIL library *:* CIL module *
 0001:00000e40       ??_Glogic_error@std@@UEAAPEAXI@Z 0000000180001e40 f i libcpmt:xthrow.obj
 0001:00000e40       ??_Gbad_exception@std@@UEAAPEAXI@Z 0000000180001e40 f i libvcruntime:frame.obj
 0001:00000e40       ??_Gbad_cast@std@@UEAAPEAXI@Z 0000000180001e40 f i value_functions.obj
 0001:00000e40       ??_Ebad_alloc@std@@UEAAPEAXI@Z 0000000180001e40 f i libcpmt:xthrow.obj
 0001:00000e40       ??_Gruntime_error@std@@UEAAPEAXI@Z 0000000180001e40 f i value_functions.obj
 0001:00000e40       ??_Elength_error@std@@UEAAPEAXI@Z 0000000180001e40 f i libcpmt:xthrow.obj
 0001:00000e40       ??_Eexception@std@@UEAAPEAXI@Z 0000000180001e40 f i * CIL library *:* CIL module *
 0001:00000e40       ??_Gout_of_range@std@@UEAAPEAXI@Z 0000000180001e40 f i libcpmt:xthrow.obj
 0001:00000e40       ??_Gbad_alloc@std@@UEAAPEAXI@Z 0000000180001e40 f i libcpmt:xthrow.obj
 0001:00000e40       ??_Glength_error@std@@UEAAPEAXI@Z 0000000180001e40 f i libcpmt:xthrow.obj
 0001:00000e40       ??_Elogic_error@std@@UEAAPEAXI@Z 0000000180001e40 f i libcpmt:xthrow.obj
 0001:00000e40       ??_Ebad_cast@std@@UEAAPEAXI@Z 0000000180001e40 f i * CIL library *:* CIL module *
 0001:00000e40       ??_Ebad_array_new_length@std@@UEAAPEAXI@Z 0000000180001e40 f i LIBCMT:throw_bad_alloc.obj
 0001:00000e90       ??1length_error@std@@UEAA@XZ 0000000180001e90 f i libcpmt:xthrow.obj
 0001:00000e90       ??1runtime_error@std@@UEAA@XZ 0000000180001e90 f i value_functions.obj
 0001:00000e90       ??1bad_cast@std@@UEAA@XZ   0000000180001e90 f i value_functions.obj
 0001:00000e90       ??1failure@ios_base@std@@UEAA@XZ 0000000180001e90 f i value_functions.obj
 0001:00000e90       ??1bad_array_new_length@std@@UEAA@XZ 0000000180001e90 f i LIBCMT:throw_bad_alloc.obj
 0001:00000e90       ??1bad_exception@std@@UEAA@XZ 0000000180001e90 f i libvcruntime:frame.obj
 0001:00000e90       ??1bad_alloc@std@@UEAA@XZ  0000000180001e90 f i libcpmt:xthrow.obj
 0001:00000e90       ??1out_of_range@std@@UEAA@XZ 0000000180001e90 f i libcpmt:xthrow.obj
 0001:00000eb0       ??0_Locinfo@std@@QEAA@PEBD@Z 0000000180001eb0 f i value_functions.obj
 0001:00000f80       ??1_Locinfo@std@@QEAA@XZ   0000000180001f80 f i value_functions.obj
 0001:00001030       ??0runtime_error@std@@QEAA@AEBV01@@Z 0000000180002030 f i value_functions.obj
 0001:00001070       ??_G_Facet_base@std@@UEAAPEAXI@Z 0000000180002070 f i value_functions.obj
 0001:00001070       ??_E_Facet_base@std@@UEAAPEAXI@Z 0000000180002070 f i * CIL library *:* CIL module *
 0001:000010a0       ?_Incref@facet@locale@std@@UEAAXXZ 00000001800020a0 f i value_functions.obj
 0001:000010b0       ?_Decref@facet@locale@std@@UEAAPEAV_Facet_base@3@XZ 00000001800020b0 f i value_functions.obj
 0001:000010c0       ??1facet@locale@std@@MEAA@XZ 00000001800020c0 f i value_functions.obj
 0001:000010d0       ??1locale@std@@QEAA@XZ     00000001800020d0 f i value_functions.obj
 0001:00001110       ?_Getcat@?$ctype@D@std@@SA_KPEAPEBVfacet@locale@2@PEBV42@@Z 0000000180002110 f i value_functions.obj
 0001:000011e0       ?do_tolower@?$ctype@D@std@@MEBADD@Z 00000001800021e0 f i value_functions.obj
 0001:000011f0       ?do_tolower@?$ctype@D@std@@MEBAPEBDPEADPEBD@Z 00000001800021f0 f i value_functions.obj
 0001:00001250       ?do_toupper@?$ctype@D@std@@MEBADD@Z 0000000180002250 f i value_functions.obj
 0001:00001260       ?do_toupper@?$ctype@D@std@@MEBAPEBDPEADPEBD@Z 0000000180002260 f i value_functions.obj
 0001:000012c0       ?do_narrow@?$ctype@D@std@@MEBADDD@Z 00000001800022c0 f i value_functions.obj
 0001:000012c0       ?do_widen@?$ctype@D@std@@MEBADD@Z 00000001800022c0 f i value_functions.obj
 0001:000012d0       ?do_widen@?$ctype@D@std@@MEBAPEBDPEBD0PEAD@Z 00000001800022d0 f i value_functions.obj
 0001:000012f0       ?do_narrow@?$ctype@D@std@@MEBAPEBDPEBD0DPEAD@Z 00000001800022f0 f i value_functions.obj
 0001:00001310       ??_E?$ctype@D@std@@MEAAPEAXI@Z 0000000180002310 f i * CIL library *:* CIL module *
 0001:00001310       ??_G?$ctype@D@std@@MEAAPEAXI@Z 0000000180002310 f i value_functions.obj
 0001:00001380       ??_E_Iostream_error_category@std@@UEAAPEAXI@Z 0000000180002380 f i * CIL library *:* CIL module *
 0001:00001380       ??_G_Iostream_error_category@std@@UEAAPEAXI@Z 0000000180002380 f i value_functions.obj
 0001:00001380       ??_Gerror_category@std@@UEAAPEAXI@Z 0000000180002380 f i value_functions.obj
 0001:00001380       ??_Eerror_category@std@@UEAAPEAXI@Z 0000000180002380 f i * CIL library *:* CIL module *
 0001:000013b0       ?message@error_code@std@@QEBA?AV?$basic_string@DU?$char_traits@D@std@@V?$allocator@D@2@@2@XZ 00000001800023b0 f i value_functions.obj
 0001:000013e0       ?default_error_condition@error_category@std@@UEBA?AVerror_condition@2@H@Z 00000001800023e0 f i value_functions.obj
 0001:000013f0       ?equivalent@error_category@std@@UEBA_NHAEBVerror_condition@2@@Z 00000001800023f0 f i value_functions.obj
 0001:00001410       ?equivalent@error_category@std@@UEBA_NAEBVerror_code@2@H@Z 0000000180002410 f i value_functions.obj
 0001:00001430       ?_Makestr@_System_error@std@@CA?AV?$basic_string@DU?$char_traits@D@std@@V?$allocator@D@2@@2@Verror_code@2@V32@@Z 0000000180002430 f i value_functions.obj
 0001:00001520       ??0_System_error@std@@IEAA@Verror_code@1@AEBV?$basic_string@DU?$char_traits@D@std@@V?$allocator@D@2@@1@@Z 0000000180002520 f i value_functions.obj
 0001:00001660       ??_Gsystem_error@std@@UEAAPEAXI@Z 0000000180002660 f i value_functions.obj
 0001:00001660       ??_E_System_error@std@@UEAAPEAXI@Z 0000000180002660 f i * CIL library *:* CIL module *
 0001:00001660       ??_Gfailure@ios_base@std@@UEAAPEAXI@Z 0000000180002660 f i value_functions.obj
 0001:00001660       ??_Esystem_error@std@@UEAAPEAXI@Z 0000000180002660 f i * CIL library *:* CIL module *
 0001:00001660       ??_G_System_error@std@@UEAAPEAXI@Z 0000000180002660 f i value_functions.obj
 0001:00001660       ??_Efailure@ios_base@std@@UEAAPEAXI@Z 0000000180002660 f i * CIL library *:* CIL module *
 0001:000016b0       ??0system_error@std@@QEAA@Verror_code@1@PEBD@Z 00000001800026b0 f i value_functions.obj
 0001:000017c0       ?message@_Generic_error_category@std@@UEBA?AV?$basic_string@DU?$char_traits@D@std@@V?$allocator@D@2@@2@H@Z 00000001800027c0 f i value_functions.obj
 0001:00001820       ?name@_Iostream_error_category@std@@UEBAPEBDXZ 0000000180002820 f i value_functions.obj
 0001:00001830       ?message@_Iostream_error_category@std@@UEBA?AV?$basic_string@DU?$char_traits@D@std@@V?$allocator@D@2@@2@H@Z 0000000180002830 f i value_functions.obj
 0001:00001880       ?clear@ios_base@std@@QEAAXH_N@Z 0000000180002880 f i value_functions.obj
 0001:00001c80       ?getloc@ios_base@std@@QEBA?AVlocale@2@XZ 0000000180002c80 f i value_functions.obj
 0001:00001cb0       ??0failure@ios_base@std@@QEAA@AEBV012@@Z 0000000180002cb0 f i value_functions.obj
 0001:00001cb0       ??0system_error@std@@QEAA@AEBV01@@Z 0000000180002cb0 f i value_functions.obj
 0001:00001d10       ??0_System_error@std@@QEAA@AEBV01@@Z 0000000180002d10 f i value_functions.obj
 0001:00001d60       ??_Gios_base@std@@UEAAPEAXI@Z 0000000180002d60 f i value_functions.obj
 0001:00001d60       ??_Eios_base@std@@UEAAPEAXI@Z 0000000180002d60 f i * CIL library *:* CIL module *
 0001:00001db0       ?convert@?$ToFactory@VInt32@v8@@@imp@Nan@@SA?AV?$MaybeLocal@VInt32@v8@@@v8@@V?$Local@VValue@v8@@@5@@Z 0000000180002db0 f i value_functions.obj
 0001:00001e40       ?New@Nan@@YA?AV?$MaybeLocal@VString@v8@@@v8@@AEBV?$basic_string@DU?$char_traits@D@std@@V?$allocator@D@2@@std@@@Z 0000000180002e40 f i value_functions.obj
 0001:00001e90       ??1EscapableHandleScope@Nan@@QEAA@XZ 0000000180002e90 f i value_functions.obj
 0001:00001e90       ??1HandleScope@Nan@@QEAA@XZ 0000000180002e90 f i value_functions.obj
 0001:00001ea0       ?Call@Callback@Nan@@QEBA?AV?$Local@VValue@v8@@@v8@@HQEAV34@@Z 0000000180002ea0 f i value_functions.obj
 0001:00001f50       ?Call_@Callback@Nan@@AEBA?AV?$Local@VValue@v8@@@v8@@PEAVIsolate@4@V?$Local@VObject@v8@@@4@HQEAV34@@Z 0000000180002f50 f i value_functions.obj
 0001:00002010       ??0AsyncWorker@Nan@@QEAA@PEAVCallback@1@@Z 0000000180003010 f i value_functions.obj
 0001:000020e0       ??1AsyncWorker@Nan@@UEAA@XZ 00000001800030e0 f i value_functions.obj
 0001:000021a0       ?WorkComplete@AsyncWorker@Nan@@UEAAXXZ 00000001800031a0 f i value_functions.obj
 0001:00002240       ?Destroy@AsyncWorker@Nan@@UEAAXXZ 0000000180003240 f i value_functions.obj
 0001:00002260       ?HandleOKCallback@AsyncWorker@Nan@@MEAAXXZ 0000000180003260 f i value_functions.obj
 0001:000022b0       ?HandleErrorCallback@AsyncWorker@Nan@@MEAAXXZ 00000001800032b0 f i value_functions.obj
 0001:00002360       ??_GAsyncWorker@Nan@@UEAAPEAXI@Z 0000000180003360 f i value_functions.obj
 0001:00002360       ??_EAsyncWorker@Nan@@UEAAPEAXI@Z 0000000180003360 f i * CIL library *:* CIL module *
 0001:000023a0       ??1?$Persistent@VObject@v8@@V?$NonCopyablePersistentTraits@VObject@v8@@@2@@Nan@@QEAA@XZ 00000001800033a0 f i value_functions.obj
 0001:000023c0       ?AsyncExecute@Nan@@YAXPEAUuv_work_s@@@Z 00000001800033c0 f i value_functions.obj
 0001:000023d0       ?AsyncExecuteComplete@Nan@@YAXPEAUuv_work_s@@@Z 00000001800033d0 f i value_functions.obj
 0001:00002410       ??0ValueEntity@@QEAA@XZ    0000000180003410 f i value_functions.obj
 0001:000024f0       ??_GWinAsyncWorker@@UEAAPEAXI@Z 00000001800034f0 f i value_functions.obj
 0001:000024f0       ??_EWinAsyncWorker@@UEAAPEAXI@Z 00000001800034f0 f i * CIL library *:* CIL module *
 0001:00002530       ?utf8_encode@@YA?AV?$basic_string@DU?$char_traits@D@std@@V?$allocator@D@2@@std@@AEBV?$basic_string@_WU?$char_traits@_W@std@@V?$allocator@_W@2@@2@@Z 0000000180003530 f   value_functions.obj
 0001:00002690       ?Execute@GetValueWorker@@UEAAXXZ 0000000180003690 f i value_functions.obj
 0001:00002a30       ?HandleOKCallback@GetValueWorker@@UEAAXXZ 0000000180003a30 f i value_functions.obj
 0001:000031e0       ??_GGetValueWorker@@UEAAPEAXI@Z 00000001800041e0 f i value_functions.obj
 0001:000031e0       ??_EGetValueWorker@@UEAAPEAXI@Z 00000001800041e0 f i * CIL library *:* CIL module *
 0001:00003220       ??_D?$basic_ostringstream@DU?$char_traits@D@std@@V?$allocator@D@2@@std@@QEAAXXZ 0000000180004220 f i value_functions.obj
 0001:00003260       ?getValue@@YAXAEBV?$FunctionCallbackInfo@VValue@v8@@@Nan@@@Z 0000000180004260 f   value_functions.obj
 0001:00003390       ?putValue@@YAXAEBV?$FunctionCallbackInfo@VValue@v8@@@Nan@@@Z 0000000180004390 f   value_functions.obj
 0001:00003390       ?deleteValue@@YAXAEBV?$FunctionCallbackInfo@VValue@v8@@@Nan@@@Z 0000000180004390 f   value_functions.obj
 0001:00003470       ??1?$_Yarn@_W@std@@QEAA@XZ 0000000180004470 f i value_functions.obj
 0001:00003470       ??1?$_Yarn@D@std@@QEAA@XZ  0000000180004470 f i value_functions.obj
 0001:000034a0       ??1?$basic_string@DU?$char_traits@D@std@@V?$allocator@D@2@@std@@QEAA@XZ 00000001800044a0 f i value_functions.obj
 0001:00003530       ??0?$basic_string@DU?$char_traits@D@std@@V?$allocator@D@2@@std@@QEAA@$$QEAV01@@Z 0000000180004530 f i value_functions.obj
 0001:000035d0       ?str@?$basic_ostringstream@DU?$char_traits@D@std@@V?$allocator@D@2@@std@@QEBA?AV?$basic_string@DU?$char_traits@D@std@@V?$allocator@D@2@@2@XZ 00000001800045d0 f i value_functions.obj
 0001:00003600       ??1?$basic_ostringstream@DU?$char_traits@D@std@@V?$allocator@D@2@@std@@UEAA@XZ 0000000180004600 f i value_functions.obj
 0001:000036e0       ??0?$basic_ostringstream@DU?$char_traits@D@std@@V?$allocator@D@2@@std@@QEAA@H@Z 00000001800046e0 f i value_functions.obj
 0001:000037c0       ?seekpos@?$basic_stringbuf@DU?$char_traits@D@std@@V?$allocator@D@2@@std@@MEAA?AV?$fpos@U_Mbstatet@@@2@V32@H@Z 00000001800047c0 f i value_functions.obj
 0001:000038d0       ?seekoff@?$basic_stringbuf@DU?$char_traits@D@std@@V?$allocator@D@2@@std@@MEAA?AV?$fpos@U_Mbstatet@@@2@_JHH@Z 00000001800048d0 f i value_functions.obj
 0001:00003a60       ?underflow@?$basic_stringbuf@DU?$char_traits@D@std@@V?$allocator@D@2@@std@@MEAAHXZ 0000000180004a60 f i value_functions.obj
 0001:00003ac0       ?pbackfail@?$basic_stringbuf@DU?$char_traits@D@std@@V?$allocator@D@2@@std@@MEAAHH@Z 0000000180004ac0 f i value_functions.obj
 0001:00003b10       ?overflow@?$basic_stringbuf@DU?$char_traits@D@std@@V?$allocator@D@2@@std@@MEAAHH@Z 0000000180004b10 f i value_functions.obj
 0001:00003d80       ??6?$basic_ostream@DU?$char_traits@D@std@@@std@@QEAAAEAV01@_J@Z 0000000180004d80 f i value_functions.obj
 0001:00003f30       ??1?$basic_ostream@DU?$char_traits@D@std@@@std@@UEAA@XZ 0000000180004f30 f i value_functions.obj
 0001:00003f60       ?imbue@?$basic_streambuf@DU?$char_traits@D@std@@@std@@MEAAXAEBVlocale@2@@Z 0000000180004f60 f i value_functions.obj
 0001:00003f60       ?_Unlock@?$basic_streambuf@DU?$char_traits@D@std@@@std@@UEAAXXZ 0000000180004f60 f i value_functions.obj
 0001:00003f60       __except_validate_context_record 0000000180004f60 f i libvcruntime:jbcxrval.obj
 0001:00003f60       _guard_check_icall_nop     0000000180004f60 f i LIBCMT:guard_support.obj
 0001:00003f60       ?_Lock@?$basic_streambuf@DU?$char_traits@D@std@@@std@@UEAAXXZ 0000000180004f60 f i value_functions.obj
 0001:00003f70       ?showmanyc@?$basic_streambuf@DU?$char_traits@D@std@@@std@@MEAA_JXZ 0000000180004f70 f i value_functions.obj
 0001:00003f70       ?sync@?$basic_streambuf@DU?$char_traits@D@std@@@std@@MEAAHXZ 0000000180004f70 f i value_functions.obj
 0001:00003f80       ?setbuf@?$basic_streambuf@DU?$char_traits@D@std@@@std@@MEAAPEAV12@PEAD_J@Z 0000000180004f80 f i value_functions.obj
 0001:00003f90       ?seekoff@?$basic_streambuf@DU?$char_traits@D@std@@@std@@MEAA?AV?$fpos@U_Mbstatet@@@2@_JHH@Z 0000000180004f90 f i value_functions.obj
 0001:00003f90       ?seekpos@?$basic_streambuf@DU?$char_traits@D@std@@@std@@MEAA?AV?$fpos@U_Mbstatet@@@2@V32@H@Z 0000000180004f90 f i value_functions.obj
 0001:00003fb0       ?xsputn@?$basic_streambuf@DU?$char_traits@D@std@@@std@@MEAA_JPEBD_J@Z 0000000180004fb0 f i value_functions.obj
 0001:00004070       ?xsgetn@?$basic_streambuf@DU?$char_traits@D@std@@@std@@MEAA_JPEAD_J@Z 0000000180005070 f i value_functions.obj
 0001:00004170       ?uflow@?$basic_streambuf@DU?$char_traits@D@std@@@std@@MEAAHXZ 0000000180005170 f i value_functions.obj
 0001:000041b0       ?overflow@?$basic_streambuf@DU?$char_traits@D@std@@@std@@MEAAHH@Z 00000001800051b0 f i value_functions.obj
 0001:000041b0       ?underflow@?$basic_streambuf@DU?$char_traits@D@std@@@std@@MEAAHXZ 00000001800051b0 f i value_functions.obj
 0001:000041b0       ?pbackfail@?$basic_streambuf@DU?$char_traits@D@std@@@std@@MEAAHH@Z 00000001800051b0 f i value_functions.obj
 0001:000041c0       ??1?$basic_streambuf@DU?$char_traits@D@std@@@std@@UEAA@XZ 00000001800051c0 f i value_functions.obj
 0001:00004220       ??1?$basic_ios@DU?$char_traits@D@std@@@std@@UEAA@XZ 0000000180005220 f i value_functions.obj
 0001:00004250       ??_G?$basic_ostringstream@DU?$char_traits@D@std@@V?$allocator@D@2@@std@@UEAAPEAXI@Z 0000000180005250 f i value_functions.obj
 0001:00004250       ??_E?$basic_ostringstream@DU?$char_traits@D@std@@V?$allocator@D@2@@std@@UEAAPEAXI@Z 0000000180005250 f i * CIL library *:* CIL module *
 0001:000042b0       ??_G?$basic_stringbuf@DU?$char_traits@D@std@@V?$allocator@D@2@@std@@UEAAPEAXI@Z 00000001800052b0 f i value_functions.obj
 0001:000042b0       ??_E?$basic_stringbuf@DU?$char_traits@D@std@@V?$allocator@D@2@@std@@UEAAPEAXI@Z 00000001800052b0 f i * CIL library *:* CIL module *
 0001:00004350       ??_G?$basic_ostream@DU?$char_traits@D@std@@@std@@UEAAPEAXI@Z 0000000180005350 f i value_functions.obj
 0001:00004350       ??_E?$basic_ostream@DU?$char_traits@D@std@@@std@@UEAAPEAXI@Z 0000000180005350 f i * CIL library *:* CIL module *
 0001:000043c0       ??_G?$basic_streambuf@DU?$char_traits@D@std@@@std@@UEAAPEAXI@Z 00000001800053c0 f i value_functions.obj
 0001:000043c0       ??_E?$basic_streambuf@DU?$char_traits@D@std@@@std@@UEAAPEAXI@Z 00000001800053c0 f i * CIL library *:* CIL module *
 0001:00004450       ??_Glocale@std@@QEAAPEAXI@Z 0000000180005450 f i value_functions.obj
 0001:000044b0       ??_G?$basic_ios@DU?$char_traits@D@std@@@std@@UEAAPEAXI@Z 00000001800054b0 f i value_functions.obj
 0001:000044b0       ??_E?$basic_ios@DU?$char_traits@D@std@@@std@@UEAAPEAXI@Z 00000001800054b0 f i * CIL library *:* CIL module *
 0001:00004500       ??1sentry@?$basic_ostream@DU?$char_traits@D@std@@@std@@QEAA@XZ 0000000180005500 f i value_functions.obj
 0001:00004560       ??0sentry@?$basic_ostream@DU?$char_traits@D@std@@@std@@QEAA@AEAV12@@Z 0000000180005560 f i value_functions.obj
 0001:000045f0       ?do_put@?$num_put@DV?$ostreambuf_iterator@DU?$char_traits@D@std@@@std@@@std@@MEBA?AV?$ostreambuf_iterator@DU?$char_traits@D@std@@@2@V32@AEAVios_base@2@DPEBX@Z 00000001800055f0 f i value_functions.obj
 0001:00004690       ?do_put@?$num_put@DV?$ostreambuf_iterator@DU?$char_traits@D@std@@@std@@@std@@MEBA?AV?$ostreambuf_iterator@DU?$char_traits@D@std@@@2@V32@AEAVios_base@2@DO@Z 0000000180005690 f i value_functions.obj
 0001:00004910       ?do_put@?$num_put@DV?$ostreambuf_iterator@DU?$char_traits@D@std@@@std@@@std@@MEBA?AV?$ostreambuf_iterator@DU?$char_traits@D@std@@@2@V32@AEAVios_base@2@DN@Z 0000000180005910 f i value_functions.obj
 0001:00004b80       ?do_put@?$num_put@DV?$ostreambuf_iterator@DU?$char_traits@D@std@@@std@@@std@@MEBA?AV?$ostreambuf_iterator@DU?$char_traits@D@std@@@2@V32@AEAVios_base@2@D_K@Z 0000000180005b80 f i value_functions.obj
 0001:00004c80       ?do_put@?$num_put@DV?$ostreambuf_iterator@DU?$char_traits@D@std@@@std@@@std@@MEBA?AV?$ostreambuf_iterator@DU?$char_traits@D@std@@@2@V32@AEAVios_base@2@D_J@Z 0000000180005c80 f i value_functions.obj
 0001:00004d80       ?do_put@?$num_put@DV?$ostreambuf_iterator@DU?$char_traits@D@std@@@std@@@std@@MEBA?AV?$ostreambuf_iterator@DU?$char_traits@D@std@@@2@V32@AEAVios_base@2@DK@Z 0000000180005d80 f i value_functions.obj
 0001:00004e80       ?do_put@?$num_put@DV?$ostreambuf_iterator@DU?$char_traits@D@std@@@std@@@std@@MEBA?AV?$ostreambuf_iterator@DU?$char_traits@D@std@@@2@V32@AEAVios_base@2@DJ@Z 0000000180005e80 f i value_functions.obj
 0001:00004f80       ?do_put@?$num_put@DV?$ostreambuf_iterator@DU?$char_traits@D@std@@@std@@@std@@MEBA?AV?$ostreambuf_iterator@DU?$char_traits@D@std@@@2@V32@AEAVios_base@2@D_N@Z 0000000180005f80 f i value_functions.obj
 0001:00005340       ?assign@?$basic_string@DU?$char_traits@D@std@@V?$allocator@D@2@@std@@QEAAAEAV12@_KD@Z 0000000180006340 f i value_functions.obj
 0001:00005440       ?assign@?$basic_string@DU?$char_traits@D@std@@V?$allocator@D@2@@std@@QEAAAEAV12@PEBD_K@Z 0000000180006440 f i value_functions.obj
 0001:00005570       ?assign@?$basic_string@DU?$char_traits@D@std@@V?$allocator@D@2@@std@@QEAAAEAV12@AEBV12@_K1@Z 0000000180006570 f i value_functions.obj
 0001:000056a0       ?append@?$basic_string@DU?$char_traits@D@std@@V?$allocator@D@2@@std@@QEAAAEAV12@PEBD_K@Z 00000001800066a0 f i value_functions.obj
 0001:000057f0       ?append@?$basic_string@DU?$char_traits@D@std@@V?$allocator@D@2@@std@@QEAAAEAV12@AEBV12@_K1@Z 00000001800067f0 f i value_functions.obj
 0001:00005920       ?_Assign_rv@?$basic_string@DU?$char_traits@D@std@@V?$allocator@D@2@@std@@QEAAX$$QEAV12@@Z 0000000180006920 f i value_functions.obj
 0001:000059a0       ?_Tidy@?$basic_stringbuf@DU?$char_traits@D@std@@V?$allocator@D@2@@std@@IEAAXXZ 00000001800069a0 f i value_functions.obj
 0001:00005a60       ?str@?$basic_stringbuf@DU?$char_traits@D@std@@V?$allocator@D@2@@std@@QEBA?AV?$basic_string@DU?$char_traits@D@std@@V?$allocator@D@2@@2@XZ 0000000180006a60 f i value_functions.obj
 0001:00005c10       ?allocate@?$allocator@D@std@@QEAAPEAD_K@Z 0000000180006c10 f i value_functions.obj
 0001:00005c10       ?allocate@?$_Wrap_alloc@V?$allocator@D@std@@@std@@QEAAPEAD_K@Z 0000000180006c10 f i value_functions.obj
 0001:00005c70       ?deallocate@?$allocator@D@std@@QEAAXPEAD_K@Z 0000000180006c70 f i value_functions.obj
 0001:00005cd0       ?_Pnavail@?$basic_streambuf@DU?$char_traits@D@std@@@std@@IEBA_JXZ 0000000180006cd0 f i value_functions.obj
 0001:00005cf0       ?_Gnavail@?$basic_streambuf@DU?$char_traits@D@std@@@std@@IEBA_JXZ 0000000180006cf0 f i value_functions.obj
 0001:00005d10       ??_E?$num_put@DV?$ostreambuf_iterator@DU?$char_traits@D@std@@@std@@@std@@MEAAPEAXI@Z 0000000180006d10 f i * CIL library *:* CIL module *
 0001:00005d10       ??_G?$num_put@DV?$ostreambuf_iterator@DU?$char_traits@D@std@@@std@@@std@@MEAAPEAXI@Z 0000000180006d10 f i value_functions.obj
 0001:00005d40       ?do_truename@?$numpunct@D@std@@MEBA?AV?$basic_string@DU?$char_traits@D@std@@V?$allocator@D@2@@2@XZ 0000000180006d40 f i value_functions.obj
 0001:00005d90       ?do_falsename@?$numpunct@D@std@@MEBA?AV?$basic_string@DU?$char_traits@D@std@@V?$allocator@D@2@@2@XZ 0000000180006d90 f i value_functions.obj
 0001:00005de0       ?do_grouping@?$numpunct@D@std@@MEBA?AV?$basic_string@DU?$char_traits@D@std@@V?$allocator@D@2@@2@XZ 0000000180006de0 f i value_functions.obj
 0001:00005e30       ?do_thousands_sep@?$numpunct@D@std@@MEBADXZ 0000000180006e30 f i value_functions.obj
 0001:00005e40       ?do_decimal_point@?$numpunct@D@std@@MEBADXZ 0000000180006e40 f i value_functions.obj
 0001:00005e50       ?truename@?$numpunct@D@std@@QEBA?AV?$basic_string@DU?$char_traits@D@std@@V?$allocator@D@2@@2@XZ 0000000180006e50 f i value_functions.obj
 0001:00005e70       ?falsename@?$numpunct@D@std@@QEBA?AV?$basic_string@DU?$char_traits@D@std@@V?$allocator@D@2@@2@XZ 0000000180006e70 f i value_functions.obj
 0001:00005e90       ??1_Sentry_base@?$basic_ostream@DU?$char_traits@D@std@@@std@@QEAA@XZ 0000000180006e90 f i value_functions.obj
 0001:00005ed0       ?_Iput@?$num_put@DV?$ostreambuf_iterator@DU?$char_traits@D@std@@@std@@@std@@AEBA?AV?$ostreambuf_iterator@DU?$char_traits@D@std@@@2@V32@AEAVios_base@2@DPEAD_K@Z 0000000180006ed0 f i value_functions.obj
 0001:00006640       ?_Fput@?$num_put@DV?$ostreambuf_iterator@DU?$char_traits@D@std@@@std@@@std@@AEBA?AV?$ostreambuf_iterator@DU?$char_traits@D@std@@@2@V32@AEAVios_base@2@DPEBD_K@Z 0000000180007640 f i value_functions.obj
 0001:00006e30       ?erase@?$basic_string@DU?$char_traits@D@std@@V?$allocator@D@2@@std@@QEAAAEAV12@_K0@Z 0000000180007e30 f i value_functions.obj
 0001:00006f00       ?append@?$basic_string@DU?$char_traits@D@std@@V?$allocator@D@2@@std@@QEAAAEAV12@_KD@Z 0000000180007f00 f i value_functions.obj
 0001:00007010       ?assign@?$basic_string@DU?$char_traits@D@std@@V?$allocator@D@2@@std@@QEAAAEAV12@$$QEAV12@@Z 0000000180008010 f i value_functions.obj
 0001:000070d0       ?flush@?$basic_ostream@DU?$char_traits@D@std@@@std@@QEAAAEAV12@XZ 00000001800080d0 f i value_functions.obj
 0001:000071a0       ?_Osfx@?$basic_ostream@DU?$char_traits@D@std@@@std@@QEAAXXZ 00000001800081a0 f i value_functions.obj
 0001:00007220       ??0?$basic_streambuf@DU?$char_traits@D@std@@@std@@IEAA@XZ 0000000180008220 f i value_functions.obj
 0001:000072d0       ?init@?$basic_ios@DU?$char_traits@D@std@@@std@@IEAAXPEAV?$basic_streambuf@DU?$char_traits@D@std@@@2@_N@Z 00000001800082d0 f i value_functions.obj
 0001:000073d0       ??_G?$numpunct@D@std@@MEAAPEAXI@Z 00000001800083d0 f i value_functions.obj
 0001:000073d0       ??_E?$numpunct@D@std@@MEAAPEAXI@Z 00000001800083d0 f i * CIL library *:* CIL module *
 0001:00007430       ?_Tidy@?$numpunct@D@std@@AEAAXXZ 0000000180008430 f i value_functions.obj
 0001:00007460       ?grouping@?$numpunct@D@std@@QEBA?AV?$basic_string@DU?$char_traits@D@std@@V?$allocator@D@2@@2@XZ 0000000180008460 f i value_functions.obj
 0001:00007480       ?_Copy@?$basic_string@DU?$char_traits@D@std@@V?$allocator@D@2@@std@@QEAAX_K0@Z 0000000180008480 f i value_functions.obj
 0001:00007610       ??$use_facet@V?$ctype@D@std@@@std@@YAAEBV?$ctype@D@0@AEBVlocale@0@@Z 0000000180008610 f i value_functions.obj
 0001:00007770       ??$_Immortalize@V_Iostream_error_category@std@@@std@@YAAEAV_Iostream_error_category@0@XZ 0000000180008770 f i value_functions.obj
 0001:000077f0       ??$New@VString@v8@@V?$basic_string@DU?$char_traits@D@std@@V?$allocator@D@2@@std@@@Nan@@YA?AV?$MaybeLocal@VString@v8@@@v8@@V?$basic_string@DU?$char_traits@D@std@@V?$allocator@D@2@@std@@@Z 00000001800087f0 f i value_functions.obj
 0001:000078a0       ??$use_facet@V?$num_put@DV?$ostreambuf_iterator@DU?$char_traits@D@std@@@std@@@std@@@std@@YAAEBV?$num_put@DV?$ostreambuf_iterator@DU?$char_traits@D@std@@@std@@@0@AEBVlocale@0@@Z 00000001800088a0 f i value_functions.obj
 0001:00007a00       ??$use_facet@V?$numpunct@D@std@@@std@@YAAEBV?$numpunct@D@0@AEBVlocale@0@@Z 0000000180008a00 f i value_functions.obj
 0001:00007b60       ??0bad_cast@std@@QEAA@AEBV01@@Z 0000000180008b60 f i value_functions.obj
 0001:00007ba0       ?_Getcat@?$numpunct@D@std@@SA_KPEAPEBVfacet@locale@2@PEBV42@@Z 0000000180008ba0 f i value_functions.obj
 0001:00007c70       ?_Getcat@?$num_put@DV?$ostreambuf_iterator@DU?$char_traits@D@std@@@std@@@std@@SA_KPEAPEBVfacet@locale@2@PEBV42@@Z 0000000180008c70 f i value_functions.obj
 0001:00007d20       ?_Init@?$numpunct@D@std@@IEAAXAEBV_Locinfo@2@_N@Z 0000000180008d20 f i value_functions.obj
 0001:00007e8c       ??_E?$basic_ostream@DU?$char_traits@D@std@@@std@@$4PPPPPPPM@A@EAAPEAXI@Z 0000000180008e8c f i value_functions.obj
 0001:00007e98       ??_E?$basic_ostringstream@DU?$char_traits@D@std@@V?$allocator@D@2@@std@@$4PPPPPPPM@A@EAAPEAXI@Z 0000000180008e98 f i value_functions.obj
 0001:00007efc       __imp_load_?Value@External@v8@@QEBAPEAXXZ 0000000180008efc f   node:node.exe
 0001:00007f08       __tailMerge_node_exe       0000000180008f08 f i node:node.exe
 0001:00007f81       __imp_load_?New@External@v8@@SA?AV?$Local@VExternal@v8@@@2@PEAVIsolate@2@PEAX@Z 0000000180008f81 f   node:node.exe
 0001:00007f8d       __imp_load_?GetCurrentContext@Isolate@v8@@QEAA?AV?$Local@VContext@v8@@@2@XZ 0000000180008f8d f   node:node.exe
 0001:00007f99       __imp_load_?GetCurrent@Isolate@v8@@SAPEAV12@XZ 0000000180008f99 f   node:node.exe
 0001:00007fa5       __imp_load_?CreateHandle@HandleScope@v8@@KAPEAPEAVObject@internal@2@PEAVIsolate@42@PEAV342@@Z 0000000180008fa5 f   node:node.exe
 0001:00007fb1       __imp_load_?CreateHandle@HandleScope@v8@@CAPEAPEAVObject@internal@2@PEAVHeapObject@42@PEAV342@@Z 0000000180008fb1 f   node:node.exe
 0001:00007fbd       __imp_load_??1HandleScope@v8@@QEAA@XZ 0000000180008fbd f   node:node.exe
 0001:00007fc9       __imp_load_??0HandleScope@v8@@QEAA@PEAVIsolate@1@@Z 0000000180008fc9 f   node:node.exe
 0001:00007fd5       __imp_load_?GetFunction@FunctionTemplate@v8@@QEAA?AV?$MaybeLocal@VFunction@v8@@@2@V?$Local@VContext@v8@@@2@@Z 0000000180008fd5 f   node:node.exe
 0001:00007fe1       __imp_load_?New@FunctionTemplate@v8@@SA?AV?$Local@VFunctionTemplate@v8@@@2@PEAVIsolate@2@P6AXAEBV?$FunctionCallbackInfo@VValue@v8@@@2@@ZV?$Local@VValue@v8@@@2@V?$Local@VSignature@v8@@@2@HW4ConstructorBehavior@2@@Z 0000000180008fe1 f   node:node.exe
 0001:00007fed       __imp_load_?ToLocalEmpty@V8@v8@@CAXXZ 0000000180008fed f   node:node.exe
 0001:00007ff9       __imp_load_?Escape@EscapableHandleScope@v8@@AEAAPEAPEAVObject@internal@2@PEAPEAV342@@Z 0000000180008ff9 f   node:node.exe
 0001:00008005       __imp_load_??0EscapableHandleScope@v8@@QEAA@PEAVIsolate@1@@Z 0000000180009005 f   node:node.exe
 0001:00008011       __imp_load_?NewFromUtf8@String@v8@@SA?AV?$MaybeLocal@VString@v8@@@2@PEAVIsolate@2@PEBDW4NewStringType@2@H@Z 0000000180009011 f   node:node.exe
 0001:0000801d       __imp_load_?SlowGetInternalField@Object@v8@@AEAA?AV?$Local@VValue@v8@@@2@H@Z 000000018000901d f   node:node.exe
 0001:00008029       __imp_load_?SetInternalField@Object@v8@@QEAAXHV?$Local@VValue@v8@@@2@@Z 0000000180009029 f   node:node.exe
 0001:00008035       __imp_load_?Set@Object@v8@@QEAA?AV?$Maybe@_N@2@V?$Local@VContext@v8@@@2@V?$Local@VValue@v8@@@2@1@Z 0000000180009035 f   node:node.exe
 0001:00008041       __imp_load_?SetInternalFieldCount@ObjectTemplate@v8@@QEAAXH@Z 0000000180009041 f   node:node.exe
 0001:0000804d       __imp_load_?NewInstance@ObjectTemplate@v8@@QEAA?AV?$MaybeLocal@VObject@v8@@@2@V?$Local@VContext@v8@@@2@@Z 000000018000904d f   node:node.exe
 0001:00008059       __imp_load_?New@ObjectTemplate@v8@@SA?AV?$Local@VObjectTemplate@v8@@@2@PEAVIsolate@2@V?$Local@VFunctionTemplate@v8@@@2@@Z 0000000180009059 f   node:node.exe
 0001:00008065       __imp_load_node_module_register 0000000180009065 f   node:node.exe
 0001:00008071       __imp_load_??1EscapableHandleScope@v8@@QEAA@XZ 0000000180009071 f   node:node.exe
 0001:0000807d       __imp_load_uv_queue_work   000000018000907d f   node:node.exe
 0001:00008089       __imp_load_?Global@Context@v8@@QEAA?AV?$Local@VObject@v8@@@2@XZ 0000000180009089 f   node:node.exe
 0001:00008095       __imp_load_?New@Integer@v8@@SA?AV?$Local@VInteger@v8@@@2@PEAVIsolate@2@H@Z 0000000180009095 f   node:node.exe
 0001:000080a1       __imp_load_?Error@Exception@v8@@SA?AV?$Local@VValue@v8@@@2@V?$Local@VString@v8@@@2@@Z 00000001800090a1 f   node:node.exe
 0001:000080ad       __imp_load_?DisposeGlobal@V8@v8@@CAXPEAPEAVObject@internal@2@@Z 00000001800090ad f   node:node.exe
 0001:000080b9       __imp_load_?GlobalizeReference@V8@v8@@CAPEAPEAVObject@internal@2@PEAVIsolate@42@PEAPEAV342@@Z 00000001800090b9 f   node:node.exe
 0001:000080c5       __imp_load_?ToInt32@Value@v8@@QEBA?AV?$MaybeLocal@VInt32@v8@@@2@V?$Local@VContext@v8@@@2@@Z 00000001800090c5 f   node:node.exe
 0001:000080d1       __imp_load_?New@Object@v8@@SA?AV?$Local@VObject@v8@@@2@PEAVIsolate@2@@Z 00000001800090d1 f   node:node.exe
 0001:000080dd       __imp_load_?MakeCallback@node@@YA?AV?$Local@VValue@v8@@@v8@@PEAVIsolate@3@V?$Local@VObject@v8@@@3@V?$Local@VFunction@v8@@@3@HPEAV23@@Z 00000001800090dd f   node:node.exe
 0001:000080e9       __imp_load_uv_default_loop 00000001800090e9 f   node:node.exe
 0001:000080f8       ??0bad_alloc@std@@QEAA@AEBV01@@Z 00000001800090f8 f i libcpmt:xthrow.obj
 0001:00008138       ??0bad_alloc@std@@QEAA@XZ  0000000180009138 f i libcpmt:xthrow.obj
 0001:00008158       ??0length_error@std@@QEAA@AEBV01@@Z 0000000180009158 f i libcpmt:xthrow.obj
 0001:00008198       ??0length_error@std@@QEAA@PEBD@Z 0000000180009198 f i libcpmt:xthrow.obj
 0001:000081e4       ??0logic_error@std@@QEAA@AEBV01@@Z 00000001800091e4 f i libcpmt:xthrow.obj
 0001:00008224       ??0out_of_range@std@@QEAA@AEBV01@@Z 0000000180009224 f i libcpmt:xthrow.obj
 0001:00008264       ??0out_of_range@std@@QEAA@PEBD@Z 0000000180009264 f i libcpmt:xthrow.obj
 0001:000082b0       ?_Xlength_error@std@@YAXPEBD@Z 00000001800092b0 f   libcpmt:xthrow.obj
 0001:000082d4       ?_Xout_of_range@std@@YAXPEBD@Z 00000001800092d4 f   libcpmt:xthrow.obj
 0001:000082f8       ??0_Init_locks@std@@QEAA@XZ 00000001800092f8 f   libcpmt:xlock.obj
 0001:00008344       ??0_Lockit@std@@QEAA@H@Z   0000000180009344 f   libcpmt:xlock.obj
 0001:00008380       ??1_Init_locks@std@@QEAA@XZ 0000000180009380 f   libcpmt:xlock.obj
 0001:000083c4       ??1_Lockit@std@@QEAA@XZ    00000001800093c4 f   libcpmt:xlock.obj
 0001:000083f8       ??4?$_Yarn@D@std@@QEAAAEAV01@PEBD@Z 00000001800093f8 f i libcpmt:locale0.obj
 0001:00008470       ??_G_Fac_node@std@@QEAAPEAXI@Z 0000000180009470 f i libcpmt:locale0.obj
 0001:000084fc       ??_G_Locimp@locale@std@@MEAAPEAXI@Z 00000001800094fc f i libcpmt:locale0.obj
 0001:000084fc       ??_E_Locimp@locale@std@@MEAAPEAXI@Z 00000001800094fc f i libcpmt:locale0.obj
 0001:00008568       ?_Facet_Register@std@@YAXPEAV_Facet_base@1@@Z 0000000180009568 f   libcpmt:locale0.obj
 0001:000085a0       ?_Getgloballocale@locale@std@@CAPEAV_Locimp@12@XZ 00000001800095a0 f   libcpmt:locale0.obj
 0001:000085a8       ?_Init@locale@std@@CAPEAV_Locimp@12@_N@Z 00000001800095a8 f   libcpmt:locale0.obj
 0001:00008664       ?_Locimp_dtor@_Locimp@locale@std@@CAXPEAV123@@Z 0000000180009664 f   libcpmt:locale0.obj
 0001:0000870c       ?_Locinfo_ctor@_Locinfo@std@@SAXPEAV12@PEBD@Z 000000018000970c f   libcpmt:locale0.obj
 0001:00008778       ?_Locinfo_dtor@_Locinfo@std@@SAXPEAV12@@Z 0000000180009778 f   libcpmt:locale0.obj
 0001:0000879c       ?_New_Locimp@_Locimp@locale@std@@CAPEAV123@_N@Z 000000018000979c f   libcpmt:locale0.obj
 0001:0000880c       ?_Setgloballocale@locale@std@@CAXPEAX@Z 000000018000980c f   libcpmt:locale0.obj
 0001:00008840       _Deletegloballocale        0000000180009840 f   libcpmt:locale0.obj
 0001:000088c8       ?uncaught_exception@std@@YA_NXZ 00000001800098c8 f   libcpmt:uncaught.obj
 0001:000088d0       ?_Ios_base_dtor@ios_base@std@@CAXPEAV12@@Z 00000001800098d0 f   libcpmt:ios.obj
 0001:00008914       ?_Tidy@ios_base@std@@AEAAXXZ 0000000180009914 f i libcpmt:ios.obj
 0001:000089a4       ?_Syserror_map@std@@YAPEBDH@Z 00000001800099a4 f   libcpmt:syserror.obj
 0001:000089cc       _Getctype                  00000001800099cc f   libcpmt:_tolower.obj
 0001:00008a8c       _Tolower                   0000000180009a8c f   libcpmt:_tolower.obj
 0001:00008bb4       _Getcvt                    0000000180009bb4 f   libcpmt:xwctomb.obj
 0001:00008c44       _Toupper                   0000000180009c44 f   libcpmt:_toupper.obj
 0001:00008d7c       _Mtxdst                    0000000180009d7c f   libcpmt:xmtx.obj
 0001:00008d84       _Mtxinit                   0000000180009d84 f   libcpmt:xmtx.obj
 0001:00008d94       _Mtxlock                   0000000180009d94 f   libcpmt:xmtx.obj
 0001:00008d9c       _Mtxunlock                 0000000180009d9c f   libcpmt:xmtx.obj
 0001:00008da4       ?_Atexit@@YAXP6AXXZ@Z      0000000180009da4 f   libcpmt:iosptrs.obj
 0001:00008de4       __crtLCMapStringA          0000000180009de4 f   libcpmt:StlLCMapStringA.obj
 0001:000095a0       __crtInitializeCriticalSectionEx 000000018000a5a0 f   libcpmt:winapisupp.obj
 0001:00009600       GetTableIndexFromLocaleName 000000018000a600 f   libcpmt:winapinls.obj
 0001:0000968c       __crtDownlevelLocaleNameToLCID 000000018000a68c f   libcpmt:winapinls.obj
 0001:000096c0       __crtLCMapStringEx         000000018000a6c0 f   libcpmt:winapinls.obj
 0001:0000977c       __wcsnicmp_ascii           000000018000a77c f   libcpmt:winapinls.obj
 0001:000097f0       __security_check_cookie    000000018000a7f0 f   LIBCMT:_amdsecgs_.obj
 0001:00009814       ??2@YAPEAX_K@Z             000000018000a814 f   LIBCMT:new_scalar.obj
 0001:00009850       ??3@YAXPEAX@Z              000000018000a850 f   LIBCMT:delete_scalar.obj
 0001:00009858       ??_V@YAXPEAX@Z             000000018000a858 f   LIBCMT:delete_array.obj
 0001:00009858       ??3@YAXPEAX_K@Z            000000018000a858 f   LIBCMT:delete_scalar_size.obj
 0001:000099a8       _Init_thread_footer        000000018000a9a8 f   LIBCMT:thread_safe_statics.obj
 0001:00009a08       _Init_thread_header        000000018000aa08 f   LIBCMT:thread_safe_statics.obj
 0001:00009a70       _Init_thread_notify        000000018000aa70 f   LIBCMT:thread_safe_statics.obj
 0001:00009acc       _Init_thread_wait          000000018000aacc f   LIBCMT:thread_safe_statics.obj
 0001:00009b64       __scrt_acquire_startup_lock 000000018000ab64 f   LIBCMT:utility.obj
 0001:00009ba0       __scrt_dllmain_after_initialize_c 000000018000aba0 f   LIBCMT:utility.obj
 0001:00009bd4       __scrt_dllmain_before_initialize_c 000000018000abd4 f   LIBCMT:utility.obj
 0001:00009bec       __scrt_dllmain_crt_thread_attach 000000018000abec f   LIBCMT:utility.obj
 0001:00009c14       __scrt_dllmain_crt_thread_detach 000000018000ac14 f   LIBCMT:utility.obj
 0001:00009c2c       __scrt_dllmain_exception_filter 000000018000ac2c f   LIBCMT:utility.obj
 0001:00009c90       __scrt_dllmain_uninitialize_c 000000018000ac90 f   LIBCMT:utility.obj
 0001:00009cc0       __scrt_dllmain_uninitialize_critical 000000018000acc0 f   LIBCMT:utility.obj
 0001:00009cd4       __scrt_initialize_crt      000000018000acd4 f   LIBCMT:utility.obj
 0001:00009d20       __scrt_initialize_onexit_tables 000000018000ad20 f   LIBCMT:utility.obj
 0001:00009dec       __scrt_is_nonwritable_in_current_image 000000018000adec f   LIBCMT:utility.obj
 0001:00009e88       __scrt_release_startup_lock 000000018000ae88 f   LIBCMT:utility.obj
 0001:00009eac       __scrt_uninitialize_crt    000000018000aeac f   LIBCMT:utility.obj
 0001:00009ed8       _onexit                    000000018000aed8 f   LIBCMT:utility.obj
 0001:00009f28       atexit                     000000018000af28 f   LIBCMT:utility.obj
 0001:00009f40       ??_U@YAPEAX_K@Z            000000018000af40 f   LIBCMT:new_array.obj
 0001:00009f48       ??_Etype_info@@UEAAPEAXI@Z 000000018000af48 f i LIBCMT:std_type_info_static.obj
 0001:00009f48       ??_Gtype_info@@UEAAPEAXI@Z 000000018000af48 f i LIBCMT:std_type_info_static.obj
 0001:0000a2c0       _DllMainCRTStartup         000000018000b2c0 f   LIBCMT:dll_dllmain.obj
 0001:0000a300       _guard_check_icall         000000018000b300 f i LIBCMT:checkcfg.obj
 0001:0000a308       __GSHandlerCheck           000000018000b308 f   LIBCMT:_gshandler_.obj
 0001:0000a328       __GSHandlerCheckCommon     000000018000b328 f   LIBCMT:_gshandler_.obj
 0001:0000a384       __GSHandlerCheck_EH        000000018000b384 f   LIBCMT:gshandlereh.obj
 0001:0000a420       _alloca_probe              000000018000b420 f   LIBCMT:_chkstk_.obj
 0001:0000a420       __chkstk                   000000018000b420 f   LIBCMT:_chkstk_.obj
 0001:0000a474       __raise_securityfailure    000000018000b474 f   LIBCMT:gs_report.obj
 0001:0000a4a8       __report_gsfailure         000000018000b4a8 f   LIBCMT:gs_report.obj
 0001:0000a57c       __report_rangecheckfailure 000000018000b57c f   LIBCMT:gs_report.obj
 0001:0000a590       __report_securityfailure   000000018000b590 f   LIBCMT:gs_report.obj
 0001:0000a710       ??0bad_array_new_length@std@@QEAA@AEBV01@@Z 000000018000b710 f i LIBCMT:throw_bad_alloc.obj
 0001:0000a750       ??0bad_array_new_length@std@@QEAA@XZ 000000018000b750 f i LIBCMT:throw_bad_alloc.obj
 0001:0000a770       ?_Xbad_alloc@std@@YAXXZ    000000018000b770 f   libcpmt:xthrow.obj
 0001:0000a770       ?__scrt_throw_std_bad_alloc@@YAXXZ 000000018000b770 f   LIBCMT:throw_bad_alloc.obj
 0001:0000a790       ?__scrt_throw_std_bad_array_new_length@@YAXXZ 000000018000b790 f   LIBCMT:throw_bad_alloc.obj
 0001:0000a7b0       __crt_debugger_hook        000000018000b7b0 f   LIBCMT:utility_desktop.obj
 0001:0000a7b8       __scrt_fastfail            000000018000b7b8 f   LIBCMT:utility_desktop.obj
 0001:0000a900       __isa_available_init       000000018000b900 f   LIBCMT:_cpu_disp_.obj
 0001:0000aac8       __scrt_is_ucrt_dll_in_use  000000018000bac8 f   LIBCMT:ucrt_detection.obj
 0001:0000aad4       __security_init_cookie     000000018000bad4 f   LIBCMT:gs_support.obj
 0001:0000ab80       DllMain                    000000018000bb80 f   LIBCMT:dll_dllmain_stub.obj
 0001:0000ab80       _get_startup_argv_mode     000000018000bb80 f   LIBCMT:argv_mode.obj
 0001:0000ab88       ?__scrt_initialize_type_info@@YAXXZ 000000018000bb88 f   LIBCMT:tncleanup.obj
 0001:0000ab98       ?__scrt_uninitialize_type_info@@YAXXZ 000000018000bb98 f   LIBCMT:tncleanup.obj
 0001:0000aba4       __local_stdio_scanf_options 000000018000bba4 f i LIBCMT:default_local_stdio_options.obj
 0001:0000abac       __scrt_initialize_default_local_stdio_options 000000018000bbac f   LIBCMT:default_local_stdio_options.obj
 0001:0000abc8       __scrt_get_dyn_tls_init_callback 000000018000bbc8 f   LIBCMT:dyn_tls_init.obj
 0001:0000abd0       _RTC_Initialize            000000018000bbd0 f   LIBCMT:_initsect_.obj
 0001:0000ac1c       _RTC_Terminate             000000018000bc1c f   LIBCMT:_initsect_.obj
 0001:0000ac70       __DestructExceptionObject  000000018000bc70 f   libvcruntime:frame.obj
 0001:0000acf8       ??0bad_exception@std@@QEAA@AEBV01@@Z 000000018000bcf8 f i libvcruntime:frame.obj
 0001:0000ad38       ??0bad_exception@std@@QEAA@XZ 000000018000bd38 f i libvcruntime:frame.obj
 0001:0000b6b4       ?_CallMemberFunction0@@YAXPEAXP6AX0@Z@Z 000000018000c6b4 f i libvcruntime:frame.obj
 0001:0000b6b8       ?_CallMemberFunction1@@YAXPEAXP6AX0@Z0@Z 000000018000c6b8 f i libvcruntime:frame.obj
 0001:0000b6c4       ?_CallMemberFunction2@@YAXPEAXP6AX0@Z0H@Z 000000018000c6c4 f i libvcruntime:frame.obj
 0001:0000b6d4       __AdjustPointer            000000018000c6d4 f   libvcruntime:frame.obj
 0001:0000b6f8       __BuildCatchObject         000000018000c6f8 f   libvcruntime:frame.obj
 0001:0000b7bc       __BuildCatchObjectHelper   000000018000c7bc f   libvcruntime:frame.obj
 0001:0000b99c       __CxxCallCatchBlock        000000018000c99c f   libvcruntime:frame.obj
 0001:0000bb88       __FrameUnwindFilter        000000018000cb88 f   libvcruntime:frame.obj
 0001:0000bbd4       __FrameUnwindToState       000000018000cbd4 f   libvcruntime:frame.obj
 0001:0000bd68       __InternalCxxFrameHandler  000000018000cd68 f   libvcruntime:frame.obj
 0001:0000bfc0       __TypeMatch                000000018000cfc0 f   libvcruntime:frame.obj
 0001:0000c100       __std_terminate            000000018000d100 f   libvcruntime:frame.obj
 0001:0000c10c       __uncaught_exception       000000018000d10c f   libvcruntime:frame.obj
 0001:0000c140       memcpy                     000000018000d140 f   libvcruntime:memcpy.obj
 0001:0000c140       memmove                    000000018000d140 f   libvcruntime:memcpy.obj
 0001:0000c578       __std_exception_copy       000000018000d578 f   libvcruntime:std_exception.obj
 0001:0000c608       __std_exception_destroy    000000018000d608 f   libvcruntime:std_exception.obj
 0001:0000c630       _purecall                  000000018000d630 f   libvcruntime:purevirt.obj
 0001:0000c66c       _CxxThrowException         000000018000d66c f   libvcruntime:throw.obj
 0001:0000c744       ?_ExecutionInCatch@@YAHPEAU_xDISPATCHER_CONTEXT@@PEBU_s_FuncInfo@@@Z 000000018000d744 f   libvcruntime:trnsctrl.obj
 0001:0000c7b8       ?_GetEstablisherFrame@@YAPEA_KPEA_KPEAU_xDISPATCHER_CONTEXT@@PEBU_s_FuncInfo@@0@Z 000000018000d7b8 f   libvcruntime:trnsctrl.obj
 0001:0000c884       ?_GetRangeOfTrysToCheck@@YAPEBU_s_TryBlockMapEntry@@PEA_KPEBU_s_FuncInfo@@HHPEAI2PEAU_xDISPATCHER_CONTEXT@@@Z 000000018000d884 f   libvcruntime:trnsctrl.obj
 0001:0000c9b0       ?__FrameUnwindToEmptyState@@YAXPEA_KPEAU_xDISPATCHER_CONTEXT@@PEBU_s_FuncInfo@@@Z 000000018000d9b0 f   libvcruntime:trnsctrl.obj
 0001:0000ca44       ?__SehTransFilter@@YAHPEAU_EXCEPTION_POINTERS@@PEAUEHExceptionRecord@@PEA_KPEAU_CONTEXT@@PEAU_xDISPATCHER_CONTEXT@@PEBU_s_FuncInfo@@PEAH@Z 000000018000da44 f   libvcruntime:trnsctrl.obj
 0001:0000cadc       _CallSETranslator          000000018000dadc f   libvcruntime:trnsctrl.obj
 0001:0000cb34       _CreateFrameInfo           000000018000db34 f   libvcruntime:trnsctrl.obj
 0001:0000cb70       _FindAndUnlinkFrame        000000018000db70 f   libvcruntime:trnsctrl.obj
 0001:0000cbc8       _GetImageBase              000000018000dbc8 f   libvcruntime:trnsctrl.obj
 0001:0000cbdc       _GetThrowImageBase         000000018000dbdc f   libvcruntime:trnsctrl.obj
 0001:0000cbf0       _IsExceptionObjectToBeDestroyed 000000018000dbf0 f   libvcruntime:trnsctrl.obj
 0001:0000cc20       _SetImageBase              000000018000dc20 f   libvcruntime:trnsctrl.obj
 0001:0000cc38       _SetThrowImageBase         000000018000dc38 f   libvcruntime:trnsctrl.obj
 0001:0000cc50       _UnwindNestedFrames        000000018000dc50 f   libvcruntime:trnsctrl.obj
 0001:0000cd74       __CxxFrameHandler3         000000018000dd74 f   libvcruntime:trnsctrl.obj
 0001:0000ce10       memset                     000000018000de10 f   libvcruntime:memset.obj
 0001:0000cfc0       memcmp                     000000018000dfc0 f   libvcruntime:memcmp.obj
 0001:0000d250       __vcrt_FlsAlloc            000000018000e250 f   libvcruntime:winapi_downlevel.obj
 0001:0000d2a4       __vcrt_FlsFree             000000018000e2a4 f   libvcruntime:winapi_downlevel.obj
 0001:0000d2f8       __vcrt_FlsGetValue         000000018000e2f8 f   libvcruntime:winapi_downlevel.obj
 0001:0000d34c       __vcrt_FlsSetValue         000000018000e34c f   libvcruntime:winapi_downlevel.obj
 0001:0000d3b4       __vcrt_InitializeCriticalSectionEx 000000018000e3b4 f   libvcruntime:winapi_downlevel.obj
 0001:0000d42c       __vcrt_initialize_winapi_thunks 000000018000e42c f   libvcruntime:winapi_downlevel.obj
 0001:0000d478       __vcrt_uninitialize_winapi_thunks 000000018000e478 f   libvcruntime:winapi_downlevel.obj
 0001:0000d4b8       __vcrt_initialize          000000018000e4b8 f   libvcruntime:initialization.obj
 0001:0000d4ec       __vcrt_thread_attach       000000018000e4ec f   libvcruntime:initialization.obj
 0001:0000d500       __vcrt_thread_detach       000000018000e500 f   libvcruntime:initialization.obj
 0001:0000d514       __vcrt_uninitialize        000000018000e514 f   libvcruntime:initialization.obj
 0001:0000d534       __vcrt_uninitialize_critical 000000018000e534 f   libvcruntime:initialization.obj
 0001:0000d544       __C_specific_handler       000000018000e544 f   libvcruntime:_chandler_.obj
 0001:0000d740       __std_type_info_compare    000000018000e740 f   libvcruntime:std_type_info.obj
 0001:0000d768       __std_type_info_destroy_list 000000018000e768 f   libvcruntime:std_type_info.obj
 0001:0000d794       __vcrt_freefls             000000018000e794 f   libvcruntime:per_thread_data.obj
 0001:0000d7b4       __vcrt_freeptd             000000018000e7b4 f   libvcruntime:per_thread_data.obj
 0001:0000d804       __vcrt_getptd              000000018000e804 f   libvcruntime:per_thread_data.obj
 0001:0000d820       __vcrt_getptd_noexit       000000018000e820 f   libvcruntime:per_thread_data.obj
 0001:0000d8d8       __vcrt_initialize_ptd      000000018000e8d8 f   libvcruntime:per_thread_data.obj
 0001:0000d918       __vcrt_uninitialize_ptd    000000018000e918 f   libvcruntime:per_thread_data.obj
 0001:0000d93c       ?__GetCurrentState@@YAHPEA_KPEAU_xDISPATCHER_CONTEXT@@PEBU_s_FuncInfo@@@Z 000000018000e93c f   libvcruntime:ehstate.obj
 0001:0000d964       ?__GetUnwindTryBlock@@YAHPEA_KPEAU_xDISPATCHER_CONTEXT@@PEBU_s_FuncInfo@@@Z 000000018000e964 f   libvcruntime:ehstate.obj
 0001:0000d990       ?__SetState@@YAXPEA_KPEAU_xDISPATCHER_CONTEXT@@PEBU_s_FuncInfo@@H@Z 000000018000e990 f   libvcruntime:ehstate.obj
 0001:0000d99c       ?__SetUnwindTryBlock@@YAXPEA_KPEAU_xDISPATCHER_CONTEXT@@PEBU_s_FuncInfo@@H@Z 000000018000e99c f   libvcruntime:ehstate.obj
 0001:0000d9d8       ?__StateFromControlPc@@YAHPEBU_s_FuncInfo@@PEAU_xDISPATCHER_CONTEXT@@@Z 000000018000e9d8 f   libvcruntime:ehstate.obj
 0001:0000d9e0       ?__StateFromIp@@YAHPEBU_s_FuncInfo@@PEAU_xDISPATCHER_CONTEXT@@_J@Z 000000018000e9e0 f   libvcruntime:ehstate.obj
 0001:0000da60       _CallSettingFrame          000000018000ea60 f   libvcruntime:handlers.obj
 0001:0000dab0       _local_unwind              000000018000eab0 f   libvcruntime:_jmpuwind_.obj
 0001:0000dae0       _NLG_Notify                000000018000eae0 f   libvcruntime:_jmpuwind_.obj
 0001:0000db00       __NLG_Dispatch2            000000018000eb00 f   libvcruntime:_jmpuwind_.obj
 0001:0000db10       __NLG_Return2              000000018000eb10 f   libvcruntime:_jmpuwind_.obj
 0001:0000db14       __vcrt_initialize_pure_virtual_call_handler 000000018000eb14 f   libvcruntime:purevirt_data.obj
 0001:0000db38       __vcrt_initialize_locks    000000018000eb38 f   libvcruntime:locks.obj
 0001:0000db80       __vcrt_uninitialize_locks  000000018000eb80 f   libvcruntime:locks.obj
 0001:0000dbb8       __acrt_call_reportfault    000000018000ebb8 f   libucrt:invalid_parameter.obj
 0001:0000dd14       __acrt_initialize_invalid_parameter_handler 000000018000ed14 f   libucrt:invalid_parameter.obj
 0001:0000dd1c       _invalid_parameter         000000018000ed1c f   libucrt:invalid_parameter.obj
 0001:0000ddc4       _invalid_parameter_noinfo  000000018000edc4 f   libucrt:invalid_parameter.obj
 0001:0000dde4       _invalid_parameter_noinfo_noreturn 000000018000ede4 f   libucrt:invalid_parameter.obj
 0001:0000de14       _invoke_watson             000000018000ee14 f   libucrt:invalid_parameter.obj
 0001:0000de5c       calloc                     000000018000ee5c f   libucrt:calloc.obj
 0001:0000de64       strcspn                    000000018000ee64 f   libucrt:strcspn.obj
 0001:0000df04       ??$?RV<lambda_7b91131dde12e1c3dfc74ff76b3f2eac>@@AEAV<lambda_dd75445284c072d0bd3768540cc698fa>@@V<lambda_16bc4ecb55b4718497c16bceaea2ceaf>@@@?$__crt_seh_guarded_call@H@@QEAAH$$QEAV<lambda_7b91131dde12e1c3dfc74ff76b3f2eac>@@AEAV<lambda_dd75445284c072d0bd3768540cc698fa>@@$$QEAV<lambda_16bc4ecb55b4718497c16bceaea2ceaf>@@@Z 000000018000ef04 f i libucrt:output.obj
 0001:0000e0ec       ??$ensure_buffer_is_big_enough@D@formatting_buffer@__crt_stdio_output@@QEAA_N_K@Z 000000018000f0ec f i libucrt:output.obj
 0001:0000e198       ??$is_wide_character_specifier@D@__crt_stdio_output@@YA_N_KDW4length_modifier@0@@Z 000000018000f198 f i libucrt:output.obj
 0001:0000e1c8       ??$is_wide_character_specifier@_W@__crt_stdio_output@@YA_N_K_WW4length_modifier@0@@Z 000000018000f1c8 f i libucrt:output.obj
 0001:0000e20c       ??$type_case_integer_parse_into_buffer@I@?$output_processor@_WV?$string_output_adapter@_W@__crt_stdio_output@@V?$standard_base@_WV?$string_output_adapter@_W@__crt_stdio_output@@@2@@__crt_stdio_output@@AEAAXII_N@Z 000000018000f20c f i libucrt:output.obj
 0001:0000e20c       ??$type_case_integer_parse_into_buffer@I@?$output_processor@DV?$string_output_adapter@D@__crt_stdio_output@@V?$format_validation_base@DV?$string_output_adapter@D@__crt_stdio_output@@@2@@__crt_stdio_output@@AEAAXII_N@Z 000000018000f20c f i libucrt:output.obj
 0001:0000e20c       ??$type_case_integer_parse_into_buffer@I@?$output_processor@_WV?$stream_output_adapter@_W@__crt_stdio_output@@V?$standard_base@_WV?$stream_output_adapter@_W@__crt_stdio_output@@@2@@__crt_stdio_output@@AEAAXII_N@Z 000000018000f20c f i libucrt:output.obj
 0001:0000e2a8       ??$type_case_integer_parse_into_buffer@_K@?$output_processor@DV?$string_output_adapter@D@__crt_stdio_output@@V?$format_validation_base@DV?$string_output_adapter@D@__crt_stdio_output@@@2@@__crt_stdio_output@@AEAAX_KI_N@Z 000000018000f2a8 f i libucrt:output.obj
 0001:0000e2a8       ??$type_case_integer_parse_into_buffer@_K@?$output_processor@_WV?$string_output_adapter@_W@__crt_stdio_output@@V?$standard_base@_WV?$string_output_adapter@_W@__crt_stdio_output@@@2@@__crt_stdio_output@@AEAAX_KI_N@Z 000000018000f2a8 f i libucrt:output.obj
 0001:0000e2a8       ??$type_case_integer_parse_into_buffer@_K@?$output_processor@_WV?$stream_output_adapter@_W@__crt_stdio_output@@V?$standard_base@_WV?$stream_output_adapter@_W@__crt_stdio_output@@@2@@__crt_stdio_output@@AEAAX_KI_N@Z 000000018000f2a8 f i libucrt:output.obj
 0001:0000e344       ??$write_multiple_characters@V?$stream_output_adapter@_W@__crt_stdio_output@@D@__crt_stdio_output@@YAXAEBV?$stream_output_adapter@_W@0@DHQEAH@Z 000000018000f344 f i libucrt:output.obj
 0001:0000e3d4       ??$write_multiple_characters@V?$string_output_adapter@D@__crt_stdio_output@@D@__crt_stdio_output@@YAXAEBV?$string_output_adapter@D@0@DHQEAH@Z 000000018000f3d4 f i libucrt:output.obj
 0001:0000e430       ??$write_multiple_characters@V?$string_output_adapter@_W@__crt_stdio_output@@D@__crt_stdio_output@@YAXAEBV?$string_output_adapter@_W@0@DHQEAH@Z 000000018000f430 f i libucrt:output.obj
 0001:0000e4a0       ??0?$output_processor@DV?$string_output_adapter@D@__crt_stdio_output@@V?$format_validation_base@DV?$string_output_adapter@D@__crt_stdio_output@@@2@@__crt_stdio_output@@QEAA@AEBV?$string_output_adapter@D@1@_KQEBDQEAU__crt_locale_pointers@@QEAD@Z 000000018000f4a0 f i libucrt:output.obj
 0001:0000e51c       ??0?$output_processor@_WV?$stream_output_adapter@_W@__crt_stdio_output@@V?$standard_base@_WV?$stream_output_adapter@_W@__crt_stdio_output@@@2@@__crt_stdio_output@@QEAA@AEBV?$stream_output_adapter@_W@1@_KQEB_WQEAU__crt_locale_pointers@@QEAD@Z 000000018000f51c f i libucrt:output.obj
 0001:0000e51c       ??0?$output_processor@_WV?$string_output_adapter@_W@__crt_stdio_output@@V?$standard_base@_WV?$string_output_adapter@_W@__crt_stdio_output@@@2@@__crt_stdio_output@@QEAA@AEBV?$string_output_adapter@_W@1@_KQEB_WQEAU__crt_locale_pointers@@QEAD@Z 000000018000f51c f i libucrt:output.obj
 0001:0000e59c       ??0_LocaleUpdate@@QEAA@QEAU__crt_locale_pointers@@@Z 000000018000f59c f i libucrt:output.obj
 0001:0000e71c       ?force_decimal_point@__crt_stdio_output@@YAXPEADQEAU__crt_locale_pointers@@@Z 000000018000f71c f i libucrt:output.obj
 0001:0000e78c       ?parse_int_from_format_string@?$output_processor@DV?$string_output_adapter@D@__crt_stdio_output@@V?$format_validation_base@DV?$string_output_adapter@D@__crt_stdio_output@@@2@@__crt_stdio_output@@AEAA_NQEAH@Z 000000018000f78c f i libucrt:output.obj
 0001:0000e810       ?parse_int_from_format_string@?$output_processor@_WV?$string_output_adapter@_W@__crt_stdio_output@@V?$standard_base@_WV?$string_output_adapter@_W@__crt_stdio_output@@@2@@__crt_stdio_output@@AEAA_NQEAH@Z 000000018000f810 f i libucrt:output.obj
 0001:0000e810       ?parse_int_from_format_string@?$output_processor@_WV?$stream_output_adapter@_W@__crt_stdio_output@@V?$standard_base@_WV?$stream_output_adapter@_W@__crt_stdio_output@@@2@@__crt_stdio_output@@AEAA_NQEAH@Z 000000018000f810 f i libucrt:output.obj
 0001:0000e890       ?process@?$output_processor@DV?$string_output_adapter@D@__crt_stdio_output@@V?$format_validation_base@DV?$string_output_adapter@D@__crt_stdio_output@@@2@@__crt_stdio_output@@QEAAHXZ 000000018000f890 f i libucrt:output.obj
 0001:0000eaa4       ?process@?$output_processor@_WV?$stream_output_adapter@_W@__crt_stdio_output@@V?$standard_base@_WV?$stream_output_adapter@_W@__crt_stdio_output@@@2@@__crt_stdio_output@@QEAAHXZ 000000018000faa4 f i libucrt:output.obj
 0001:0000ed1c       ?process@?$output_processor@_WV?$string_output_adapter@_W@__crt_stdio_output@@V?$standard_base@_WV?$string_output_adapter@_W@__crt_stdio_output@@@2@@__crt_stdio_output@@QEAAHXZ 000000018000fd1c f i libucrt:output.obj
 0001:0000ef98       ?state_case_normal@?$output_processor@DV?$string_output_adapter@D@__crt_stdio_output@@V?$format_validation_base@DV?$string_output_adapter@D@__crt_stdio_output@@@2@@__crt_stdio_output@@AEAA_NXZ 000000018000ff98 f i libucrt:output.obj
 0001:0000f00c       ?state_case_normal_tchar@?$output_processor@DV?$string_output_adapter@D@__crt_stdio_output@@V?$format_validation_base@DV?$string_output_adapter@D@__crt_stdio_output@@@2@@__crt_stdio_output@@AEAA_ND@Z 000000018001000c f i libucrt:output.obj
 0001:0000f0a4       ?state_case_size@?$output_processor@DV?$string_output_adapter@D@__crt_stdio_output@@V?$format_validation_base@DV?$string_output_adapter@D@__crt_stdio_output@@@2@@__crt_stdio_output@@AEAA_NXZ 00000001800100a4 f i libucrt:output.obj
 0001:0000f220       ?state_case_size@?$output_processor@_WV?$stream_output_adapter@_W@__crt_stdio_output@@V?$standard_base@_WV?$stream_output_adapter@_W@__crt_stdio_output@@@2@@__crt_stdio_output@@AEAA_NXZ 0000000180010220 f i libucrt:output.obj
 0001:0000f3c4       ?state_case_size@?$output_processor@_WV?$string_output_adapter@_W@__crt_stdio_output@@V?$standard_base@_WV?$string_output_adapter@_W@__crt_stdio_output@@@2@@__crt_stdio_output@@AEAA_NXZ 00000001800103c4 f i libucrt:output.obj
 0001:0000f568       ?state_case_type@?$output_processor@DV?$string_output_adapter@D@__crt_stdio_output@@V?$format_validation_base@DV?$string_output_adapter@D@__crt_stdio_output@@@2@@__crt_stdio_output@@AEAA_NXZ 0000000180010568 f i libucrt:output.obj
 0001:0000f7e4       ?state_case_type@?$output_processor@_WV?$stream_output_adapter@_W@__crt_stdio_output@@V?$standard_base@_WV?$stream_output_adapter@_W@__crt_stdio_output@@@2@@__crt_stdio_output@@AEAA_NXZ 00000001800107e4 f i libucrt:output.obj
 0001:0000fab0       ?state_case_type@?$output_processor@_WV?$string_output_adapter@_W@__crt_stdio_output@@V?$standard_base@_WV?$string_output_adapter@_W@__crt_stdio_output@@@2@@__crt_stdio_output@@AEAA_NXZ 0000000180010ab0 f i libucrt:output.obj
 0001:0000fd7c       ?type_case_Z@?$output_processor@DV?$string_output_adapter@D@__crt_stdio_output@@V?$format_validation_base@DV?$string_output_adapter@D@__crt_stdio_output@@@2@@__crt_stdio_output@@AEAA_NXZ 0000000180010d7c f i libucrt:output.obj
 0001:0000fdfc       ?type_case_Z@?$output_processor@_WV?$string_output_adapter@_W@__crt_stdio_output@@V?$standard_base@_WV?$string_output_adapter@_W@__crt_stdio_output@@@2@@__crt_stdio_output@@AEAA_NXZ 0000000180010dfc f i libucrt:output.obj
 0001:0000fdfc       ?type_case_Z@?$output_processor@_WV?$stream_output_adapter@_W@__crt_stdio_output@@V?$standard_base@_WV?$stream_output_adapter@_W@__crt_stdio_output@@@2@@__crt_stdio_output@@AEAA_NXZ 0000000180010dfc f i libucrt:output.obj
 0001:0000fe7c       ?type_case_a@?$output_processor@DV?$string_output_adapter@D@__crt_stdio_output@@V?$format_validation_base@DV?$string_output_adapter@D@__crt_stdio_output@@@2@@__crt_stdio_output@@AEAA_NXZ 0000000180010e7c f i libucrt:output.obj
 0001:00010098       ?type_case_a@?$output_processor@_WV?$string_output_adapter@_W@__crt_stdio_output@@V?$standard_base@_WV?$string_output_adapter@_W@__crt_stdio_output@@@2@@__crt_stdio_output@@AEAA_NXZ 0000000180011098 f i libucrt:output.obj
 0001:00010098       ?type_case_a@?$output_processor@_WV?$stream_output_adapter@_W@__crt_stdio_output@@V?$standard_base@_WV?$stream_output_adapter@_W@__crt_stdio_output@@@2@@__crt_stdio_output@@AEAA_NXZ 0000000180011098 f i libucrt:output.obj
 0001:000102dc       ?type_case_c_tchar@?$output_processor@DV?$string_output_adapter@D@__crt_stdio_output@@V?$format_validation_base@DV?$string_output_adapter@D@__crt_stdio_output@@@2@@__crt_stdio_output@@AEAA_ND@Z 00000001800112dc f i libucrt:output.obj
 0001:00010390       ?type_case_c_tchar@?$output_processor@_WV?$stream_output_adapter@_W@__crt_stdio_output@@V?$standard_base@_WV?$stream_output_adapter@_W@__crt_stdio_output@@@2@@__crt_stdio_output@@AEAA_N_W@Z 0000000180011390 f i libucrt:output.obj
 0001:00010390       ?type_case_c_tchar@?$output_processor@_WV?$string_output_adapter@_W@__crt_stdio_output@@V?$standard_base@_WV?$string_output_adapter@_W@__crt_stdio_output@@@2@@__crt_stdio_output@@AEAA_N_W@Z 0000000180011390 f i libucrt:output.obj
 0001:00010438       ?type_case_integer@?$output_processor@_WV?$stream_output_adapter@_W@__crt_stdio_output@@V?$standard_base@_WV?$stream_output_adapter@_W@__crt_stdio_output@@@2@@__crt_stdio_output@@AEAA_NI_N@Z 0000000180011438 f i libucrt:output.obj
 0001:00010438       ?type_case_integer@?$output_processor@DV?$string_output_adapter@D@__crt_stdio_output@@V?$format_validation_base@DV?$string_output_adapter@D@__crt_stdio_output@@@2@@__crt_stdio_output@@AEAA_NI_N@Z 0000000180011438 f i libucrt:output.obj
 0001:00010438       ?type_case_integer@?$output_processor@_WV?$string_output_adapter@_W@__crt_stdio_output@@V?$standard_base@_WV?$string_output_adapter@_W@__crt_stdio_output@@@2@@__crt_stdio_output@@AEAA_NI_N@Z 0000000180011438 f i libucrt:output.obj
 0001:000105d8       ?type_case_n@?$output_processor@DV?$string_output_adapter@D@__crt_stdio_output@@V?$format_validation_base@DV?$string_output_adapter@D@__crt_stdio_output@@@2@@__crt_stdio_output@@AEAA_NXZ 00000001800115d8 f i libucrt:output.obj
 0001:000105d8       ?type_case_n@?$output_processor@_WV?$stream_output_adapter@_W@__crt_stdio_output@@V?$standard_base@_WV?$stream_output_adapter@_W@__crt_stdio_output@@@2@@__crt_stdio_output@@AEAA_NXZ 00000001800115d8 f i libucrt:output.obj
 0001:000105d8       ?type_case_n@?$output_processor@_WV?$string_output_adapter@_W@__crt_stdio_output@@V?$standard_base@_WV?$string_output_adapter@_W@__crt_stdio_output@@@2@@__crt_stdio_output@@AEAA_NXZ 00000001800115d8 f i libucrt:output.obj
 0001:000106b4       ?type_case_s@?$output_processor@DV?$string_output_adapter@D@__crt_stdio_output@@V?$format_validation_base@DV?$string_output_adapter@D@__crt_stdio_output@@@2@@__crt_stdio_output@@AEAA_NXZ 00000001800116b4 f i libucrt:output.obj
 0001:00010744       ?type_case_s@?$output_processor@_WV?$string_output_adapter@_W@__crt_stdio_output@@V?$standard_base@_WV?$string_output_adapter@_W@__crt_stdio_output@@@2@@__crt_stdio_output@@AEAA_NXZ 0000000180011744 f i libucrt:output.obj
 0001:00010744       ?type_case_s@?$output_processor@_WV?$stream_output_adapter@_W@__crt_stdio_output@@V?$standard_base@_WV?$stream_output_adapter@_W@__crt_stdio_output@@@2@@__crt_stdio_output@@AEAA_NXZ 0000000180011744 f i libucrt:output.obj
 0001:0001080c       ?write_stored_string_tchar@?$output_processor@DV?$string_output_adapter@D@__crt_stdio_output@@V?$format_validation_base@DV?$string_output_adapter@D@__crt_stdio_output@@@2@@__crt_stdio_output@@AEAA_ND@Z 000000018001180c f i libucrt:output.obj
 0001:000108e4       ?write_stored_string_tchar@?$output_processor@_WV?$stream_output_adapter@_W@__crt_stdio_output@@V?$standard_base@_WV?$stream_output_adapter@_W@__crt_stdio_output@@@2@@__crt_stdio_output@@AEAA_N_W@Z 00000001800118e4 f i libucrt:output.obj
 0001:000109d0       ?write_stored_string_tchar@?$output_processor@_WV?$string_output_adapter@_W@__crt_stdio_output@@V?$standard_base@_WV?$string_output_adapter@_W@__crt_stdio_output@@@2@@__crt_stdio_output@@AEAA_N_W@Z 00000001800119d0 f i libucrt:output.obj
 0001:00010ac0       ?write_string@?$stream_output_adapter@_W@__crt_stdio_output@@QEBAXQEB_WHQEAH1@Z 0000000180011ac0 f i libucrt:output.obj
 0001:00010bcc       ?write_string@?$string_output_adapter@D@__crt_stdio_output@@QEBAXQEBDHQEAH1@Z 0000000180011bcc f i libucrt:output.obj
 0001:00010c88       ?write_string@?$string_output_adapter@_W@__crt_stdio_output@@QEBAXQEB_WHQEAH1@Z 0000000180011c88 f i libucrt:output.obj
 0001:00010d48       __stdio_common_vfwprintf   0000000180011d48 f   libucrt:output.obj
 0001:00010dd4       __stdio_common_vsprintf_s  0000000180011dd4 f   libucrt:output.obj
 0001:00010e38       __stdio_common_vswprintf   0000000180011e38 f   libucrt:output.obj
 0001:00011070       localeconv                 0000000180012070 f   libucrt:localeconv.obj
 0001:000110a4       free                       00000001800120a4 f   libucrt:free.obj
 0001:000110ac       frexp                      00000001800120ac f   libucrt:frexp.obj
 0001:00011b8c       ??$ftprintf@PEAU_iobuf@@PEB_WAEBQEB_WAEBQEB_WAEBI@?$__crt_char_traits@_W@@SAH$$QEAPEAU_iobuf@@$$QEAPEB_WAEBQEB_W2AEBI@Z 0000000180012b8c f i libucrt:assert.obj
 0001:00011bb4       _wassert                   0000000180012bb4 f   libucrt:assert.obj
 0001:00011c38       fwprintf                   0000000180012c38 f i libucrt:assert.obj
 0001:00011c7c       swprintf                   0000000180012c7c f i libucrt:assert.obj
 0001:00011cd0       __ascii_stricmp            0000000180012cd0 f   libucrt:stricmp.obj
 0001:00011d0c       _stricmp                   0000000180012d0c f   libucrt:stricmp.obj
 0001:00011d54       _stricmp_l                 0000000180012d54 f   libucrt:stricmp.obj
 0001:00011e08       __acrt_initialize_locks    0000000180012e08 f   libucrt:locks.obj
 0001:00011e50       __acrt_lock                0000000180012e50 f   libucrt:locks.obj
 0001:00011e6c       __acrt_uninitialize_locks  0000000180012e6c f   libucrt:locks.obj
 0001:00011ea4       __acrt_unlock              0000000180012ea4 f   libucrt:locks.obj
 0001:00011ec0       _lock_locales              0000000180012ec0 f   libucrt:locks.obj
 0001:00011ed0       _unlock_locales            0000000180012ed0 f   libucrt:locks.obj
 0001:00011ee0       malloc                     0000000180012ee0 f   libucrt:malloc.obj
 0001:00011fd0       setlocale                  0000000180012fd0 f   libucrt:setlocale.obj
 0001:0001219c       _calloc_base               000000018001319c f   libucrt:calloc_base.obj
 0001:00012214       __pctype_func              0000000180013214 f   libucrt:ctype.obj
 0001:00012244       isdigit                    0000000180013244 f i libucrt:_ctype.obj
 0001:000122b8       islower                    00000001800132b8 f i libucrt:_ctype.obj
 0001:0001232c       isupper                    000000018001332c f i libucrt:_ctype.obj
 0001:000123a0       _wcsdup                    00000001800133a0 f   libucrt:wcsdup.obj
 0001:00012424       ___lc_codepage_func        0000000180013424 f   libucrt:initctype.obj
 0001:00012454       ___lc_locale_name_func     0000000180013454 f   libucrt:initctype.obj
 0001:00012488       ___mb_cur_max_func         0000000180013488 f   libucrt:initctype.obj
 0001:000124b8       __acrt_locale_initialize_ctype 00000001800134b8 f   libucrt:initctype.obj
 0001:00012a8c       __acrt_errno_from_os_error 0000000180013a8c f   libucrt:errno.obj
 0001:00012ad4       __acrt_errno_map_os_error  0000000180013ad4 f   libucrt:errno.obj
 0001:00012b24       __doserrno                 0000000180013b24 f   libucrt:errno.obj
 0001:00012b44       _errno                     0000000180013b44 f   libucrt:errno.obj
 0001:00012bdc       _ismbblead                 0000000180013bdc f   libucrt:ismbbyte.obj
 0001:00012bf0       abort                      0000000180013bf0 f   libucrt:abort.obj
 0001:00012c48       _malloc_base               0000000180013c48 f   libucrt:malloc_base.obj
 0001:00012ca8       _realloc_base              0000000180013ca8 f   libucrt:realloc_base.obj
 0001:00012d2c       ??$make_c_string_character_source@_WPEAPEA_W@__crt_strtox@@YA?AV?$c_string_character_source@_W@0@QEB_WQEAPEA_W@Z 0000000180013d2c f i libucrt:strtod.obj
 0001:00012d2c       ??$make_c_string_character_source@DPEAPEAD@__crt_strtox@@YA?AV?$c_string_character_source@D@0@QEBDQEAPEAD@Z 0000000180013d2c f i libucrt:strtod.obj
 0001:00012d2c       ??$make_c_string_character_source@_W$$T@__crt_strtox@@YA?AV?$c_string_character_source@_W@0@QEB_W$$T@Z 0000000180013d2c f i libucrt:atox.obj
 0001:00012d40       ?divide@__crt_strtox@@YA_KAEAUbig_integer@1@AEBU21@@Z 0000000180013d40 f i libucrt:strtod.obj
 0001:000132a0       pow                        00000001800142a0 f   libucrt:pow.obj
 0001:00014940       powf                       0000000180015940 f   libucrt:powf.obj
 0001:00015808       __strncnt                  0000000180016808 f   libucrt:strncnt.obj
 0001:00015820       _free_base                 0000000180016820 f   libucrt:free_base.obj
 0001:000158b0       _tolower_l                 00000001800168b0 f   libucrt:tolower_toupper.obj
 0001:000159f0       tolower                    00000001800169f0 f   libucrt:tolower_toupper.obj
 0001:00015a1c       wcscpy_s                   0000000180016a1c f   libucrt:wcscpy_s.obj
 0001:00015a84       strnlen                    0000000180016a84 f   libucrt:strnlen.obj
 0001:00015be0       wcsnlen                    0000000180016be0 f   libucrt:strnlen.obj
 0001:00015dd0       __acrt_initialize_new_handler 0000000180016dd0 f   libucrt:new_handler.obj
 0001:00015dd8       _callnewh                  0000000180016dd8 f   libucrt:new_handler.obj
 0001:00015e18       _query_new_handler         0000000180016e18 f   libucrt:new_handler.obj
 0001:00015e4c       _seh_filter_dll            0000000180016e4c f   libucrt:exception_filter.obj
 0001:00015e60       _seh_filter_exe            0000000180016e60 f   libucrt:exception_filter.obj
 0001:00016220       __acrt_initialize_thread_local_exit_callback 0000000180017220 f   libucrt:exit.obj
 0001:00016228       _cexit                     0000000180017228 f   libucrt:exit.obj
 0001:00016238       _exit                      0000000180017238 f   libucrt:exit.obj
 0001:00016244       _is_c_termination_complete 0000000180017244 f   libucrt:exit.obj
 0001:00016408       __acrt_allocate_buffer_for_argv 0000000180017408 f   libucrt:argv_parsing.obj
 0001:0001646c       _configure_narrow_argv     000000018001746c f   libucrt:argv_parsing.obj
 0001:000167c8       __dcrt_uninitialize_environments_nolock 00000001800177c8 f   libucrt:environment_initialization.obj
 0001:00016800       _initialize_narrow_environment 0000000180017800 f   libucrt:environment_initialization.obj
 0001:00016808       ??$?RV<lambda_b8c45f8f788dd370798f47cfe8ac3a86>@@AEAV<lambda_4e60a939b0d047cfe11ddc22648dfba9>@@V<lambda_332c3edc96d0294ec56c57d38c1cdfd5>@@@?$__crt_seh_guarded_call@H@@QEAAH$$QEAV<lambda_b8c45f8f788dd370798f47cfe8ac3a86>@@AEAV<lambda_4e60a939b0d047cfe11ddc22648dfba9>@@$$QEAV<lambda_332c3edc96d0294ec56c57d38c1cdfd5>@@@Z 0000000180017808 f i libucrt:onexit.obj
 0001:00016844       ??$?RV<lambda_e24bbb7b643b32fcea6fa61b31d4c984>@@AEAV<lambda_275893d493268fdec8709772e3fcec0e>@@V<lambda_9d71df4d7cf3f480f8d633942495c3b0>@@@?$__crt_seh_guarded_call@H@@QEAAH$$QEAV<lambda_e24bbb7b643b32fcea6fa61b31d4c984>@@AEAV<lambda_275893d493268fdec8709772e3fcec0e>@@$$QEAV<lambda_9d71df4d7cf3f480f8d633942495c3b0>@@@Z 0000000180017844 f i libucrt:onexit.obj
 0001:00016bc0       _crt_atexit                0000000180017bc0 f   libucrt:onexit.obj
 0001:00016bd0       _execute_onexit_table      0000000180017bd0 f   libucrt:onexit.obj
 0001:00016c0c       _initialize_onexit_table   0000000180017c0c f   libucrt:onexit.obj
 0001:00016c4c       _register_onexit_function  0000000180017c4c f   libucrt:onexit.obj
 0001:00016cdc       __acrt_uninitialize_command_line 0000000180017cdc f   libucrt:argv_data.obj
 0001:00016dcc       __acrt_initialize          0000000180017dcc f   libucrt:initialization.obj
 0001:00016de0       __acrt_thread_attach       0000000180017de0 f   libucrt:initialization.obj
 0001:00016df4       __acrt_thread_detach       0000000180017df4 f   libucrt:initialization.obj
 0001:00016e04       __acrt_uninitialize        0000000180017e04 f   libucrt:initialization.obj
 0001:00016e18       __acrt_uninitialize_critical 0000000180017e18 f   libucrt:initialization.obj
 0001:00016e28       _initterm                  0000000180017e28 f   libucrt:initterm.obj
 0001:00016ea0       _initterm_e                0000000180017ea0 f   libucrt:initterm.obj
 0001:00016eec       terminate                  0000000180017eec f   libucrt:terminate.obj
 0001:00016f14       strcpy_s                   0000000180017f14 f   libucrt:strcpy_s.obj
 0001:00016f74       ??$is_overflow_condition@K@__crt_strtox@@YA_NIK@Z 0000000180017f74 f i libucrt:atox.obj
 0001:00016fa0       ??$parse_integer@KV?$c_string_character_source@D@__crt_strtox@@@__crt_strtox@@YAKQEAU__crt_locale_pointers@@V?$c_string_character_source@D@0@H_N@Z 0000000180017fa0 f i libucrt:atox.obj
 0001:000172b4       ??$parse_integer@KV?$c_string_character_source@_W@__crt_strtox@@@__crt_strtox@@YAKQEAU__crt_locale_pointers@@V?$c_string_character_source@_W@0@H_N@Z 00000001800182b4 f i libucrt:atox.obj
 0001:00017988       _wtol                      0000000180018988 f   libucrt:atox.obj
 0001:000179b4       ??$?RV<lambda_46352004c1216016012b18bd6f87e700>@@AEAV<lambda_3bd07e1a1191394380780325891bf33f>@@V<lambda_334532d3f185bcaa59b5be82d7d22bff>@@@?$__crt_seh_guarded_call@X@@QEAAX$$QEAV<lambda_46352004c1216016012b18bd6f87e700>@@AEAV<lambda_3bd07e1a1191394380780325891bf33f>@@$$QEAV<lambda_334532d3f185bcaa59b5be82d7d22bff>@@@Z 00000001800189b4 f i libucrt:per_thread_data.obj
 0001:00017a14       ??$?RV<lambda_5e887d1dcbef67a5eb4283622ba103bf>@@AEAV<lambda_4466841279450cc726390878d4a41900>@@V<lambda_341c25c0346d94847f1f3c463c57e077>@@@?$__crt_seh_guarded_call@X@@QEAAX$$QEAV<lambda_5e887d1dcbef67a5eb4283622ba103bf>@@AEAV<lambda_4466841279450cc726390878d4a41900>@@$$QEAV<lambda_341c25c0346d94847f1f3c463c57e077>@@@Z 0000000180018a14 f i libucrt:per_thread_data.obj
 0001:00017a5c       ??$?RV<lambda_72d1df2b273a38828b1ce30cbf4cdab5>@@AEAV<lambda_876a65b173b8412d3a47c70a915b0cf4>@@V<lambda_41932305e351933ebe8f8be3ed8bb5dc>@@@?$__crt_seh_guarded_call@X@@QEAAX$$QEAV<lambda_72d1df2b273a38828b1ce30cbf4cdab5>@@AEAV<lambda_876a65b173b8412d3a47c70a915b0cf4>@@$$QEAV<lambda_41932305e351933ebe8f8be3ed8bb5dc>@@@Z 0000000180018a5c f i libucrt:per_thread_data.obj
 0001:00017a9c       ??$?RV<lambda_fb3a7dec4e47f37f22dae91bb15c9095>@@AEAV<lambda_698284760c8add0bfb0756c19673e34b>@@V<lambda_dfb8eca1e75fef3034a8fb18dd509707>@@@?$__crt_seh_guarded_call@X@@QEAAX$$QEAV<lambda_fb3a7dec4e47f37f22dae91bb15c9095>@@AEAV<lambda_698284760c8add0bfb0756c19673e34b>@@$$QEAV<lambda_dfb8eca1e75fef3034a8fb18dd509707>@@@Z 0000000180018a9c f i libucrt:per_thread_data.obj
 0001:00017d2c       __acrt_freeptd             0000000180018d2c f   libucrt:per_thread_data.obj
 0001:00017d70       __acrt_getptd              0000000180018d70 f   libucrt:per_thread_data.obj
 0001:00017e04       __acrt_getptd_noexit       0000000180018e04 f   libucrt:per_thread_data.obj
 0001:00017ea4       __acrt_initialize_ptd      0000000180018ea4 f   libucrt:per_thread_data.obj
[...]
 0004:00001ff8       $pdata$__dcrt_lowio_initialize_console_output 0000000180044ff8     libucrt:initcon.obj
 0004:00002004       $pdata$__dcrt_terminate_console_output 0000000180045004     libucrt:initcon.obj
 0004:00002010       $pdata$?DloadAcquireSectionWriteAccess@@YAXXZ 0000000180045010     DelayImp:delayhlp.obj
 0004:0000201c       $pdata$?DloadGetSRWLockFunctionPointers@@YAEXZ 000000018004501c     DelayImp:delayhlp.obj
 0004:00002028       $pdata$?DloadMakePermanentImageCommit@@YAXPEAX_K@Z 0000000180045028     DelayImp:delayhlp.obj
 0004:00002034       $pdata$?DloadObtainSection@@YAPEAXPEAK0@Z 0000000180045034     DelayImp:delayhlp.obj
 0004:00002040       $pdata$?DloadProtectSection@@YAXKPEAK@Z 0000000180045040     DelayImp:delayhlp.obj
 0004:0000204c       $pdata$?DloadReleaseSectionWriteAccess@@YAXXZ 000000018004504c     DelayImp:delayhlp.obj
 0004:00002058       $pdata$__delayLoadHelper2  0000000180045058     DelayImp:delayhlp.obj
 0004:00002064       $pdata$_IsNonwritableInCurrentImage 0000000180045064     LIBCMT:pesect.obj
 0004:00002070       $pdata$strrchr             0000000180045070     libvcruntime:strrchr.obj
 0004:0000207c       $pdata$wcschr              000000018004507c     libvcruntime:wcschr.obj
 0004:00002094       $pdata$?catch$107@?0??_Copy@?$basic_string@_WU?$char_traits@_W@std@@V?$allocator@_W@2@@std@@QEAAX_K0@Z@4HA 0000000180045094     registry.obj
 0004:000020a0       $pdata$?catch$106@?0??_Copy@?$basic_string@_WU?$char_traits@_W@std@@V?$allocator@_W@2@@std@@QEAAX_K0@Z@4HA 00000001800450a0     registry.obj
 0004:000020ac       $pdata$?dtor$0@?0??_Getcat@?$ctype@D@std@@SA_KPEAPEBVfacet@locale@2@PEBV42@@Z@4HA 00000001800450ac     value_functions.obj
 0004:000020b8       $pdata$?dtor$0@?0??getValue@@YAXAEBV?$FunctionCallbackInfo@VValue@v8@@@Nan@@@Z@4HA 00000001800450b8     value_functions.obj
 0004:000020b8       $pdata$?dtor$0@?0??deleteValue@@YAXAEBV?$FunctionCallbackInfo@VValue@v8@@@Nan@@@Z@4HA 00000001800450b8     value_functions.obj
 0004:000020b8       $pdata$?dtor$0@?0??putValue@@YAXAEBV?$FunctionCallbackInfo@VValue@v8@@@Nan@@@Z@4HA 00000001800450b8     value_functions.obj
 0004:000020c4       $pdata$?dtor$1@?0??putValue@@YAXAEBV?$FunctionCallbackInfo@VValue@v8@@@Nan@@@Z@4HA 00000001800450c4     value_functions.obj
 0004:000020c4       $pdata$?dtor$1@?0??getValue@@YAXAEBV?$FunctionCallbackInfo@VValue@v8@@@Nan@@@Z@4HA 00000001800450c4     value_functions.obj
 0004:000020c4       $pdata$?dtor$1@?0??deleteValue@@YAXAEBV?$FunctionCallbackInfo@VValue@v8@@@Nan@@@Z@4HA 00000001800450c4     value_functions.obj
 0004:000020d0       $pdata$?dtor$2@?0??deleteValue@@YAXAEBV?$FunctionCallbackInfo@VValue@v8@@@Nan@@@Z@4HA 00000001800450d0     value_functions.obj
 0004:000020d0       $pdata$?dtor$2@?0??putValue@@YAXAEBV?$FunctionCallbackInfo@VValue@v8@@@Nan@@@Z@4HA 00000001800450d0     value_functions.obj
 0004:000020d0       $pdata$?dtor$2@?0??getValue@@YAXAEBV?$FunctionCallbackInfo@VValue@v8@@@Nan@@@Z@4HA 00000001800450d0     value_functions.obj
 0004:000020dc       $pdata$?dtor$0@?0???0?$basic_ostringstream@DU?$char_traits@D@std@@V?$allocator@D@2@@std@@QEAA@H@Z@4HA 00000001800450dc     value_functions.obj
 0004:000020e8       $pdata$?catch$231@?0???6?$basic_ostream@DU?$char_traits@D@std@@@std@@QEAAAEAV01@_J@Z@4HA 00000001800450e8     value_functions.obj
 0004:000020f4       $pdata$?catch$0@?0??_Osfx@?$basic_ostream@DU?$char_traits@D@std@@@std@@QEAAXXZ@4HA 00000001800450f4     value_functions.obj
 0004:00002100       $pdata$?catch$107@?0??_Copy@?$basic_string@DU?$char_traits@D@std@@V?$allocator@D@2@@std@@QEAAX_K0@Z@4HA 0000000180045100     value_functions.obj
 0004:0000210c       $pdata$?catch$106@?0??_Copy@?$basic_string@DU?$char_traits@D@std@@V?$allocator@D@2@@std@@QEAAX_K0@Z@4HA 000000018004510c     value_functions.obj
 0004:00002118       $pdata$?dtor$0@?0??_Getcat@?$numpunct@D@std@@SA_KPEAPEBVfacet@locale@2@PEBV42@@Z@4HA 0000000180045118     value_functions.obj
 0004:00002124       $pdata$?dtor$1@?0??_Getcat@?$numpunct@D@std@@SA_KPEAPEBVfacet@locale@2@PEBV42@@Z@4HA 0000000180045124     value_functions.obj
 0004:00002130       $pdata$?dtor$0@?0??_Getcat@?$num_put@DV?$ostreambuf_iterator@DU?$char_traits@D@std@@@std@@@std@@SA_KPEAPEBVfacet@locale@2@PEBV42@@Z@4HA 0000000180045130     value_functions.obj
 0004:0000213c       $pdata$?catch$0@?0??_Init@?$numpunct@D@std@@IEAAXAEBV_Locinfo@2@_N@Z@4HA 000000018004513c     value_functions.obj
 0004:00002148       $pdata$__scrt_is_nonwritable_in_current_image$filt$0 0000000180045148     LIBCMT:utility.obj
 0004:00002154       $pdata$?fin$0@?0??dllmain_crt_process_attach@@YAHQEAUHINSTANCE__@@QEAX@Z@4HA 0000000180045154     LIBCMT:dll_dllmain.obj
 0004:00002160       $pdata$?fin$0@?0??dllmain_crt_process_detach@@YAH_N@Z@4HA 0000000180045160     LIBCMT:dll_dllmain.obj
 0004:0000216c       $pdata$?filt$0@?0??dllmain_dispatch@@YAHQEAUHINSTANCE__@@KQEAX@Z@4HA 000000018004516c     LIBCMT:dll_dllmain.obj
 0004:00002178       $pdata$__CxxCallCatchBlock$filt$0 0000000180045178     libvcruntime:frame.obj
 0004:00002184       $pdata$__CxxCallCatchBlock$fin$1 0000000180045184     libvcruntime:frame.obj
 0004:00002190       $pdata$__DestructExceptionObject$filt$0 0000000180045190     libvcruntime:frame.obj
 0004:0000219c       $pdata$__FrameUnwindToState$filt$0 000000018004519c     libvcruntime:frame.obj
 0004:000021a8       $pdata$__FrameUnwindToState$fin$1 00000001800451a8     libvcruntime:frame.obj
 0004:000021b4       $pdata$_CallSETranslator$filt$0 00000001800451b4     libvcruntime:trnsctrl.obj
 0004:000021c0       $pdata$setlocale$fin$0     00000001800451c0     libucrt:setlocale.obj
 0004:000021cc       $pdata$_query_new_handler$fin$0 00000001800451cc     libucrt:new_handler.obj
 0004:000021d8       $pdata$?filt$0@?0??common_exit@@YAXHW4_crt_exit_cleanup_mode@@W4_crt_exit_return_mode@@@Z@4HA 00000001800451d8     libucrt:exit.obj
 0004:000021e4       $pdata$?fin$1@?0??common_exit@@YAXHW4_crt_exit_cleanup_mode@@W4_crt_exit_return_mode@@@Z@4HA 00000001800451e4     libucrt:exit.obj
 0004:000021f0       $pdata$?fin$0@?0???$?RV<lambda_e24bbb7b643b32fcea6fa61b31d4c984>@@AEAV<lambda_275893d493268fdec8709772e3fcec0e>@@V<lambda_9d71df4d7cf3f480f8d633942495c3b0>@@@?$__crt_seh_guarded_call@H@@QEAAH$$QEAV<lambda_e24bbb7b643b32fcea6fa61b31d4c984>@@AEAV<lambda_275893d493268fdec8709772e3fcec0e>@@$$QEAV<lambda_9d71df4d7cf3f480f8d633942495c3b0>@@@Z@4HA 00000001800451f0     libucrt:onexit.obj
 0004:000021fc       $pdata$?fin$0@?0???$?RV<lambda_5df02c53a8f32f81fd64e5bbb78039f1>@@AEAV<lambda_2af78c5f5901b1372d98f9ab3177dfa6>@@AEAV<lambda_f51fe5fd7c79a33db34fc9310f277369>@@@?$__crt_seh_guarded_call@X@@QEAAX$$QEAV<lambda_5df02c53a8f32f81fd64e5bbb78039f1>@@AEAV<lambda_2af78c5f5901b1372d98f9ab3177dfa6>@@AEAV<lambda_f51fe5fd7c79a33db34fc9310f277369>@@@Z@4HA 00000001800451fc     libucrt:wsetlocale.obj
 0004:00002208       $pdata$common_control87$filt$0 0000000180045208     libucrt:ieee.obj
 0004:00002208       $pdata$_ctrlfp$filt$0      0000000180045208     libucrt:fpctrl.obj
 0004:00002214       $pdata$common_flush_all$fin$0 0000000180045214     libucrt:fflush.obj
 0004:00002220       $pdata$common_flush_all$fin$1 0000000180045220     libucrt:fflush.obj
 0004:0000222c       $pdata$fclose$fin$0        000000018004522c     libucrt:fclose.obj
 0004:0000222c       $pdata$fflush$fin$0        000000018004522c     libucrt:fflush.obj
 0004:00002238       $pdata$?fin$0@?0???$?RV<lambda_7a5ef57ff966f610505f1d28a3d40618>@@AEAV<lambda_b721fa326cdb32351d23dfa67958c160>@@V<lambda_5e0fb27672408a07956fe59e48ccb2aa>@@@?$__crt_seh_guarded_call@H@@QEAAH$$QEAV<lambda_7a5ef57ff966f610505f1d28a3d40618>@@AEAV<lambda_b721fa326cdb32351d23dfa67958c160>@@$$QEAV<lambda_5e0fb27672408a07956fe59e48ccb2aa>@@@Z@4HA 0000000180045238     libucrt:setvbuf.obj
 0004:00002238       $pdata$?fin$0@?0???$?RV<lambda_7b91131dde12e1c3dfc74ff76b3f2eac>@@AEAV<lambda_dd75445284c072d0bd3768540cc698fa>@@V<lambda_16bc4ecb55b4718497c16bceaea2ceaf>@@@?$__crt_seh_guarded_call@H@@QEAAH$$QEAV<lambda_7b91131dde12e1c3dfc74ff76b3f2eac>@@AEAV<lambda_dd75445284c072d0bd3768540cc698fa>@@$$QEAV<lambda_16bc4ecb55b4718497c16bceaea2ceaf>@@@Z@4HA 0000000180045238     libucrt:output.obj
 0004:00002244       $pdata$?fin$0@?0???$?RV<lambda_630b2aca97f6d20d5b5ea6529ea6b6af>@@AEAV<lambda_af91936f1d075d609f72d9d8cba980af>@@V<lambda_e82fa975f615b5c7c7b0e4d178fdae67>@@@?$__crt_seh_guarded_call@H@@QEAAH$$QEAV<lambda_630b2aca97f6d20d5b5ea6529ea6b6af>@@AEAV<lambda_af91936f1d075d609f72d9d8cba980af>@@$$QEAV<lambda_e82fa975f615b5c7c7b0e4d178fdae67>@@@Z@4HA 0000000180045244     libucrt:winapi_thunks.obj
 0004:00002244       $pdata$?fin$0@?0???$?RV<lambda_d67e8342c384adda8f857579ab50b2ae>@@AEAV<lambda_30712929f77e709619002f448b6a9510>@@V<lambda_4525336fd7e478d965fb7ca7a337cad8>@@@?$__crt_seh_guarded_call@X@@QEAAX$$QEAV<lambda_d67e8342c384adda8f857579ab50b2ae>@@AEAV<lambda_30712929f77e709619002f448b6a9510>@@$$QEAV<lambda_4525336fd7e478d965fb7ca7a337cad8>@@@Z@4HA 0000000180045244     libucrt:wsetlocale.obj
 0004:00002244       $pdata$?fin$0@?0???$?RV<lambda_99476a1ad63dd22509b5d3e65b0ffc95>@@AEAV<lambda_ad1ced32f4ac17aa236e5ef05d6b3b7c>@@V<lambda_f7424dd8d45958661754dc4f2697e9c3>@@@?$__crt_seh_guarded_call@X@@QEAAX$$QEAV<lambda_99476a1ad63dd22509b5d3e65b0ffc95>@@AEAV<lambda_ad1ced32f4ac17aa236e5ef05d6b3b7c>@@$$QEAV<lambda_f7424dd8d45958661754dc4f2697e9c3>@@@Z@4HA 0000000180045244     libucrt:mbctype.obj
 0004:00002244       $pdata$?fin$0@?0???$?RV<lambda_5e887d1dcbef67a5eb4283622ba103bf>@@AEAV<lambda_4466841279450cc726390878d4a41900>@@V<lambda_341c25c0346d94847f1f3c463c57e077>@@@?$__crt_seh_guarded_call@X@@QEAAX$$QEAV<lambda_5e887d1dcbef67a5eb4283622ba103bf>@@AEAV<lambda_4466841279450cc726390878d4a41900>@@$$QEAV<lambda_341c25c0346d94847f1f3c463c57e077>@@@Z@4HA 0000000180045244     libucrt:per_thread_data.obj
 0004:00002244       $pdata$?fin$0@?0???$?RV<lambda_b8c45f8f788dd370798f47cfe8ac3a86>@@AEAV<lambda_4e60a939b0d047cfe11ddc22648dfba9>@@V<lambda_332c3edc96d0294ec56c57d38c1cdfd5>@@@?$__crt_seh_guarded_call@H@@QEAAH$$QEAV<lambda_b8c45f8f788dd370798f47cfe8ac3a86>@@AEAV<lambda_4e60a939b0d047cfe11ddc22648dfba9>@@$$QEAV<lambda_332c3edc96d0294ec56c57d38c1cdfd5>@@@Z@4HA 0000000180045244     libucrt:onexit.obj
 0004:00002244       $pdata$?fin$0@?0???$?RV<lambda_46352004c1216016012b18bd6f87e700>@@AEAV<lambda_3bd07e1a1191394380780325891bf33f>@@V<lambda_334532d3f185bcaa59b5be82d7d22bff>@@@?$__crt_seh_guarded_call@X@@QEAAX$$QEAV<lambda_46352004c1216016012b18bd6f87e700>@@AEAV<lambda_3bd07e1a1191394380780325891bf33f>@@$$QEAV<lambda_334532d3f185bcaa59b5be82d7d22bff>@@@Z@4HA 0000000180045244     libucrt:per_thread_data.obj
 0004:00002244       $pdata$?fin$0@?0???$?RV<lambda_fb3a7dec4e47f37f22dae91bb15c9095>@@AEAV<lambda_698284760c8add0bfb0756c19673e34b>@@V<lambda_dfb8eca1e75fef3034a8fb18dd509707>@@@?$__crt_seh_guarded_call@X@@QEAAX$$QEAV<lambda_fb3a7dec4e47f37f22dae91bb15c9095>@@AEAV<lambda_698284760c8add0bfb0756c19673e34b>@@$$QEAV<lambda_dfb8eca1e75fef3034a8fb18dd509707>@@@Z@4HA 0000000180045244     libucrt:per_thread_data.obj
 0004:00002244       $pdata$?fin$0@?0???$?RV<lambda_72d1df2b273a38828b1ce30cbf4cdab5>@@AEAV<lambda_876a65b173b8412d3a47c70a915b0cf4>@@V<lambda_41932305e351933ebe8f8be3ed8bb5dc>@@@?$__crt_seh_guarded_call@X@@QEAAX$$QEAV<lambda_72d1df2b273a38828b1ce30cbf4cdab5>@@AEAV<lambda_876a65b173b8412d3a47c70a915b0cf4>@@$$QEAV<lambda_41932305e351933ebe8f8be3ed8bb5dc>@@@Z@4HA 0000000180045244     libucrt:per_thread_data.obj
 0004:00002244       $pdata$?fin$0@?0???$?RV<lambda_c36588078e9f5dfd39652860aa6b3aaf>@@AEAV<lambda_ec61778202f4f5fc7e7711acc23c3bca>@@V<lambda_dc9d2797ccde5d239b4a0efae8ebd7db>@@@?$__crt_seh_guarded_call@P6AXH@Z@@QEAAP6AXH@Z$$QEAV<lambda_c36588078e9f5dfd39652860aa6b3aaf>@@AEAV<lambda_ec61778202f4f5fc7e7711acc23c3bca>@@$$QEAV<lambda_dc9d2797ccde5d239b4a0efae8ebd7db>@@@Z@4HA 0000000180045244     libucrt:signal.obj
 0004:00002250       $pdata$raise$fin$0         0000000180045250     libucrt:signal.obj
 0004:0000225c       $pdata$__acrt_update_thread_multibyte_data$fin$0 000000018004525c     libucrt:mbctype.obj
 0004:00002268       $pdata$__acrt_uninitialize_locale$fin$0 0000000180045268     libucrt:wsetlocale.obj
 0004:00002268       $pdata$__acrt_update_thread_locale_data$fin$0 0000000180045268     libucrt:locale_refcounting.obj
 0004:00002274       $pdata$_fcloseall$fin$0    0000000180045274     libucrt:closeall.obj
 0004:00002280       $pdata$__acrt_lowio_ensure_fh_exists$fin$0 0000000180045280     libucrt:osfinfo.obj
 0004:00002280       $pdata$__acrt_initialize_lowio$fin$0 0000000180045280     libucrt:ioinit.obj
 0004:0000228c       $pdata$?fin$0@?0???$common_lseek@_J@@YA_JH_JH@Z@4HA 000000018004528c     libucrt:lseek.obj
 0004:0000228c       $pdata$_write$fin$0        000000018004528c     libucrt:write.obj
 0004:00002298       $pdata$?fin$0@?0???$?RV<lambda_bfedae4ebbf01fab1bb6dcc6a9e276e0>@@AEAV<lambda_2fe9b910cf3cbf4a0ab98a02ba45b3ec>@@V<lambda_237c231691f317818eb88cc1d5d642d6>@@@?$__crt_seh_guarded_call@H@@QEAAH$$QEAV<lambda_bfedae4ebbf01fab1bb6dcc6a9e276e0>@@AEAV<lambda_2fe9b910cf3cbf4a0ab98a02ba45b3ec>@@$$QEAV<lambda_237c231691f317818eb88cc1d5d642d6>@@@Z@4HA 0000000180045298     libucrt:close.obj
 0004:00002298       $pdata$?fin$0@?0???$?RV<lambda_b521505b218e5242e90febf6bfebc422>@@AEAV<lambda_6978c1fb23f02e42e1d9e99668cc68aa>@@V<lambda_314360699dd331753a4119843814e9a7>@@@?$__crt_seh_guarded_call@H@@QEAAH$$QEAV<lambda_b521505b218e5242e90febf6bfebc422>@@AEAV<lambda_6978c1fb23f02e42e1d9e99668cc68aa>@@$$QEAV<lambda_314360699dd331753a4119843814e9a7>@@@Z@4HA 0000000180045298     libucrt:commit.obj
 0004:000022a4       $pdata$_IsNonwritableInCurrentImage$filt$0 00000001800452a4     LIBCMT:pesect.obj
 0004:000022b0       $pdata$??__F_Fac_tidy_reg@std@@YAXXZ 00000001800452b0     libcpmt:locale0.obj
 0004:000022bc       $pdata$??__Fclassic_locale@std@@YAXXZ 00000001800452bc     libcpmt:locale0.obj
 0004:000022c8       $pdata$??__Finit_atexit@@YAXXZ 00000001800452c8     libcpmt:iosptrs.obj
 0005:00000000       __guard_fids__             0000000180046000     libucrt:initialization.obj
 0005:00000060       __guard_fids___acrt_initialize_ptd 0000000180046060     libucrt:per_thread_data.obj
 0005:00000064       __guard_fids__             0000000180046064     libucrt:wsetlocale.obj
 0005:0000007c       __guard_fids___acrt_show_wide_message_box 000000018004607c     libucrt:crtmbox.obj
 0005:00000080       __guard_fids_??$?RV<lambda_630b2aca97f6d20d5b5ea6529ea6b6af>@@AEAV<lambda_af91936f1d075d609f72d9d8cba980af>@@V<lambda_e82fa975f615b5c7c7b0e4d178fdae67>@@@?$__crt_seh_guarded_call@H@@QEAAH$$QEAV<lambda_630b2aca97f6d20d5b5ea6529ea6b6af>@@AEAV<lambda_af91936f1d075d609f72d9d8cba980af>@@$$QEAV<lambda_e82fa975f615b5c7c7b0e4d178fdae67>@@@Z 0000000180046080     libucrt:winapi_thunks.obj
 0005:00000084       __guard_fids_??$expand_argument_wildcards@D@@YAHQEAD0AEAV?$argument_list@D@?A0xca0879c4@@@Z 0000000180046084     libucrt:argv_wildcards.obj
 0005:00000088       __guard_fids__             0000000180046088     libucrt:stdio_initializer.obj
 0005:0000008c       __guard_fids__             000000018004608c     libucrt:stdio_initializer.obj
 0005:00000090       __guard_fids__             0000000180046090     libucrt:locale_initializer.obj
 0005:00000094       __guard_fids_GetLocaleNameFromLangCountry 0000000180046094     libucrt:get_qualified_locale.obj
 0005:00000098       __guard_fids_GetLocaleNameFromLanguage 0000000180046098     libucrt:get_qualified_locale.obj
 0005:0000009c       __guard_fids___acrt_get_qualified_locale_downlevel 000000018004609c     libucrt:getqloc_downlevel.obj
 0005:000000a0       __guard_fids_GetLcidFromLangCountry 00000001800460a0     libucrt:getqloc_downlevel.obj
 0005:000000a4       __guard_fids_GetLcidFromLanguage 00000001800460a4     libucrt:getqloc_downlevel.obj
 0005:000000a8       __guard_fids__             00000001800460a8     libucrt:fma3_initializer.obj
 0005:000000ac       __guard_fids__             00000001800460ac     libucrt:timeset_initializer.obj
 0005:000000b0       __guard_fids__             00000001800460b0     libucrt:multibyte_initializer.obj
 0005:000000b4       __guard_fids__             00000001800460b4     libucrt:console_output_initializer.obj
 0005:000000b8       __guard_fids__             00000001800460b8     libcpmt:xthrow.obj
 0005:000000c0       __guard_fids__             00000001800460c0     libcpmt:xthrow.obj
 0005:000000c8       __guard_fids__             00000001800460c8     libcpmt:xthrow.obj
 0005:000000d0       __guard_fids__             00000001800460d0     libcpmt:xthrow.obj
 0005:000000d8       __guard_fids__             00000001800460d8     libcpmt:xthrow.obj
 0005:000000e0       __guard_fids__             00000001800460e0     libcpmt:xthrow.obj
 0005:000000e8       __guard_fids_??__Einitlocks@std@@YAXXZ 00000001800460e8     libcpmt:xlock.obj
 0005:000000ec       __guard_fids__             00000001800460ec     libcpmt:xlock.obj
 0005:000000f0       __guard_fids_??__E_Fac_tidy_reg@std@@YAXXZ 00000001800460f0     libcpmt:locale0.obj
 0005:000000f4       __guard_fids_?_Setgloballocale@locale@std@@CAXPEAX@Z 00000001800460f4     libcpmt:locale0.obj
 0005:000000f8       __guard_fids_??__Eclassic_locale@std@@YAXXZ 00000001800460f8     libcpmt:locale0.obj
 0005:000000fc       __guard_fids__             00000001800460fc     libcpmt:locale0.obj
 0005:00000108       __guard_fids__             0000000180046108     libcpmt:locale0.obj
 0005:00000114       __guard_fids__             0000000180046114     libcpmt:locale0.obj
 0005:00000118       __guard_fids__             0000000180046118     libcpmt:locale0.obj
 0005:0000011c       __guard_fids_??__Einitlocks@std@@YAXXZ 000000018004611c     libcpmt:iosptrs.obj
 0005:00000120       __guard_fids_??__Einit_atexit@@YAXXZ 0000000180046120     libcpmt:iosptrs.obj
 0005:00000124       __guard_fids__             0000000180046124     libcpmt:iosptrs.obj
 0005:00000128       __guard_fids__             0000000180046128     libcpmt:iosptrs.obj
 0005:0000012c       __guard_fids__             000000018004612c     libcpmt:locale.obj
 0005:00000134       __guard_fids__             0000000180046134     libcpmt:locale.obj
 0005:00000160       __guard_fids__             0000000180046160     libcpmt:locale.obj
 0005:0000018c       __guard_fids__             000000018004618c     libcpmt:locale.obj
 0005:000001ac       __guard_fids__             00000001800461ac     libcpmt:winapisupp.obj
 0005:000001b0       __guard_fids__             00000001800461b0     LIBCMT:thread_safe_statics.obj
 0005:000001b4       __guard_fids_?__scrt_initialize_thread_safe_statics@@YAHXZ 00000001800461b4     LIBCMT:thread_safe_statics.obj
 0005:000001b8       __guard_fids__             00000001800461b8     LIBCMT:std_type_info_static.obj
 0005:000001bc       __guard_fids_?dllmain_crt_process_attach@@YAHQEAUHINSTANCE__@@QEAX@Z 00000001800461bc     LIBCMT:dll_dllmain.obj
 0005:000001c4       __guard_fids_?dllmain_dispatch@@YAHQEAUHINSTANCE__@@KQEAX@Z 00000001800461c4     LIBCMT:dll_dllmain.obj
 0005:000001c8       __guard_fids__             00000001800461c8     LIBCMT:throw_bad_alloc.obj
 0005:000001d0       __guard_fids__             00000001800461d0     LIBCMT:guard_support.obj
 0005:000001d4       __guard_fids__             00000001800461d4     libvcruntime:frame.obj
 0005:000001d8       __guard_fids__             00000001800461d8     libvcruntime:frame.obj
 0005:000001e0       __guard_fids__UnwindNestedFrames 00000001800461e0     libvcruntime:trnsctrl.obj
 0005:000001e4       __guard_fids___vcrt_initialize_ptd 00000001800461e4     libvcruntime:per_thread_data.obj
 0007:00000060       $R000000                   0000000180048060     * linker generated manifest res *

 Exports

  ordinal    name

        1    _register_NativeExtension_
